Archive member included to satisfy reference by file (symbol)

c:/st/stm32cubeide_1.7.0/stm32cubeide/plugins/com.st.stm32cube.ide.mcu.externaltools.gnu-tools-for-stm32.9-2020-q2-update.win32_2.0.0.202105311346/tools/bin/../lib/gcc/arm-none-eabi/9.3.1/../../../../arm-none-eabi/lib/thumb/v7-m/nofp\libc_nano.a(lib_a-errno.o)
                              ./Core/Src/syscalls.o (__errno)
c:/st/stm32cubeide_1.7.0/stm32cubeide/plugins/com.st.stm32cube.ide.mcu.externaltools.gnu-tools-for-stm32.9-2020-q2-update.win32_2.0.0.202105311346/tools/bin/../lib/gcc/arm-none-eabi/9.3.1/../../../../arm-none-eabi/lib/thumb/v7-m/nofp\libc_nano.a(lib_a-exit.o)
                              c:/st/stm32cubeide_1.7.0/stm32cubeide/plugins/com.st.stm32cube.ide.mcu.externaltools.gnu-tools-for-stm32.9-2020-q2-update.win32_2.0.0.202105311346/tools/bin/../lib/gcc/arm-none-eabi/9.3.1/../../../../arm-none-eabi/lib/thumb/v7-m/nofp/crt0.o (exit)
c:/st/stm32cubeide_1.7.0/stm32cubeide/plugins/com.st.stm32cube.ide.mcu.externaltools.gnu-tools-for-stm32.9-2020-q2-update.win32_2.0.0.202105311346/tools/bin/../lib/gcc/arm-none-eabi/9.3.1/../../../../arm-none-eabi/lib/thumb/v7-m/nofp\libc_nano.a(lib_a-impure.o)
                              c:/st/stm32cubeide_1.7.0/stm32cubeide/plugins/com.st.stm32cube.ide.mcu.externaltools.gnu-tools-for-stm32.9-2020-q2-update.win32_2.0.0.202105311346/tools/bin/../lib/gcc/arm-none-eabi/9.3.1/../../../../arm-none-eabi/lib/thumb/v7-m/nofp\libc_nano.a(lib_a-exit.o) (_global_impure_ptr)
c:/st/stm32cubeide_1.7.0/stm32cubeide/plugins/com.st.stm32cube.ide.mcu.externaltools.gnu-tools-for-stm32.9-2020-q2-update.win32_2.0.0.202105311346/tools/bin/../lib/gcc/arm-none-eabi/9.3.1/../../../../arm-none-eabi/lib/thumb/v7-m/nofp\libc_nano.a(lib_a-init.o)
                              c:/st/stm32cubeide_1.7.0/stm32cubeide/plugins/com.st.stm32cube.ide.mcu.externaltools.gnu-tools-for-stm32.9-2020-q2-update.win32_2.0.0.202105311346/tools/bin/../lib/gcc/arm-none-eabi/9.3.1/../../../../arm-none-eabi/lib/thumb/v7-m/nofp/crt0.o (__libc_init_array)
c:/st/stm32cubeide_1.7.0/stm32cubeide/plugins/com.st.stm32cube.ide.mcu.externaltools.gnu-tools-for-stm32.9-2020-q2-update.win32_2.0.0.202105311346/tools/bin/../lib/gcc/arm-none-eabi/9.3.1/../../../../arm-none-eabi/lib/thumb/v7-m/nofp\libc_nano.a(lib_a-memset.o)
                              c:/st/stm32cubeide_1.7.0/stm32cubeide/plugins/com.st.stm32cube.ide.mcu.externaltools.gnu-tools-for-stm32.9-2020-q2-update.win32_2.0.0.202105311346/tools/bin/../lib/gcc/arm-none-eabi/9.3.1/../../../../arm-none-eabi/lib/thumb/v7-m/nofp/crt0.o (memset)
c:/st/stm32cubeide_1.7.0/stm32cubeide/plugins/com.st.stm32cube.ide.mcu.externaltools.gnu-tools-for-stm32.9-2020-q2-update.win32_2.0.0.202105311346/tools/bin/../lib/gcc/arm-none-eabi/9.3.1/../../../../arm-none-eabi/lib/thumb/v7-m/nofp\libc_nano.a(lib_a-printf.o)
                              ./Core/Src/task.o (printf)
c:/st/stm32cubeide_1.7.0/stm32cubeide/plugins/com.st.stm32cube.ide.mcu.externaltools.gnu-tools-for-stm32.9-2020-q2-update.win32_2.0.0.202105311346/tools/bin/../lib/gcc/arm-none-eabi/9.3.1/../../../../arm-none-eabi/lib/thumb/v7-m/nofp\libc_nano.a(lib_a-findfp.o)
                              c:/st/stm32cubeide_1.7.0/stm32cubeide/plugins/com.st.stm32cube.ide.mcu.externaltools.gnu-tools-for-stm32.9-2020-q2-update.win32_2.0.0.202105311346/tools/bin/../lib/gcc/arm-none-eabi/9.3.1/../../../../arm-none-eabi/lib/thumb/v7-m/nofp\libc_nano.a(lib_a-printf.o) (__sinit)
c:/st/stm32cubeide_1.7.0/stm32cubeide/plugins/com.st.stm32cube.ide.mcu.externaltools.gnu-tools-for-stm32.9-2020-q2-update.win32_2.0.0.202105311346/tools/bin/../lib/gcc/arm-none-eabi/9.3.1/../../../../arm-none-eabi/lib/thumb/v7-m/nofp\libc_nano.a(lib_a-fwalk.o)
                              c:/st/stm32cubeide_1.7.0/stm32cubeide/plugins/com.st.stm32cube.ide.mcu.externaltools.gnu-tools-for-stm32.9-2020-q2-update.win32_2.0.0.202105311346/tools/bin/../lib/gcc/arm-none-eabi/9.3.1/../../../../arm-none-eabi/lib/thumb/v7-m/nofp\libc_nano.a(lib_a-findfp.o) (_fwalk)
c:/st/stm32cubeide_1.7.0/stm32cubeide/plugins/com.st.stm32cube.ide.mcu.externaltools.gnu-tools-for-stm32.9-2020-q2-update.win32_2.0.0.202105311346/tools/bin/../lib/gcc/arm-none-eabi/9.3.1/../../../../arm-none-eabi/lib/thumb/v7-m/nofp\libc_nano.a(lib_a-lock.o)
                              c:/st/stm32cubeide_1.7.0/stm32cubeide/plugins/com.st.stm32cube.ide.mcu.externaltools.gnu-tools-for-stm32.9-2020-q2-update.win32_2.0.0.202105311346/tools/bin/../lib/gcc/arm-none-eabi/9.3.1/../../../../arm-none-eabi/lib/thumb/v7-m/nofp\libc_nano.a(lib_a-findfp.o) (__retarget_lock_init_recursive)
c:/st/stm32cubeide_1.7.0/stm32cubeide/plugins/com.st.stm32cube.ide.mcu.externaltools.gnu-tools-for-stm32.9-2020-q2-update.win32_2.0.0.202105311346/tools/bin/../lib/gcc/arm-none-eabi/9.3.1/../../../../arm-none-eabi/lib/thumb/v7-m/nofp\libc_nano.a(lib_a-nano-mallocr.o)
[...]
Memory Configuration

Name             Origin             Length             Attributes
RAM              0x0000000020000000 0x0000000000002800 xrw
FLASH            0x0000000008000000 0x0000000000008000 xr
*default*        0x0000000000000000 0xffffffffffffffff

Linker script and memory map

LOAD c:/st/stm32cubeide_1.7.0/stm32cubeide/plugins/com.st.stm32cube.ide.mcu.externaltools.gnu-tools-for-stm32.9-2020-q2-update.win32_2.0.0.202105311346/tools/bin/../lib/gcc/arm-none-eabi/9.3.1/thumb/v7-m/nofp/crti.o
LOAD c:/st/stm32cubeide_1.7.0/stm32cubeide/plugins/com.st.stm32cube.ide.mcu.externaltools.gnu-tools-for-stm32.9-2020-q2-update.win32_2.0.0.202105311346/tools/bin/../lib/gcc/arm-none-eabi/9.3.1/thumb/v7-m/nofp/crtbegin.o
LOAD c:/st/stm32cubeide_1.7.0/stm32cubeide/plugins/com.st.stm32cube.ide.mcu.externaltools.gnu-tools-for-stm32.9-2020-q2-update.win32_2.0.0.202105311346/tools/bin/../lib/gcc/arm-none-eabi/9.3.1/../../../../arm-none-eabi/lib/thumb/v7-m/nofp/crt0.o
LOAD ./Core/Src/global.o
LOAD ./Core/Src/main.o
LOAD ./Core/Src/scheduler.o
LOAD ./Core/Src/stm32f1xx_hal_msp.o
LOAD ./Core/Src/stm32f1xx_it.o
LOAD ./Core/Src/syscalls.o
LOAD ./Core/Src/sysmem.o
LOAD ./Core/Src/system_stm32f1xx.o
LOAD ./Core/Src/task.o
LOAD ./Core/Src/uart_msg.o
LOAD ./Core/Src/watchdog.o
LOAD ./Core/Startup/startup_stm32f103c6ux.o
LOAD ./Drivers/STM32F1xx_HAL_Driver/Src/stm32f1xx_hal.o
LOAD ./Drivers/STM32F1xx_HAL_Driver/Src/stm32f1xx_hal_cortex.o
LOAD ./Drivers/STM32F1xx_HAL_Driver/Src/stm32f1xx_hal_dma.o
LOAD ./Drivers/STM32F1xx_HAL_Driver/Src/stm32f1xx_hal_exti.o
LOAD ./Drivers/STM32F1xx_HAL_Driver/Src/stm32f1xx_hal_flash.o
LOAD ./Drivers/STM32F1xx_HAL_Driver/Src/stm32f1xx_hal_flash_ex.o
LOAD ./Drivers/STM32F1xx_HAL_Driver/Src/stm32f1xx_hal_gpio.o
LOAD ./Drivers/STM32F1xx_HAL_Driver/Src/stm32f1xx_hal_gpio_ex.o
LOAD ./Drivers/STM32F1xx_HAL_Driver/Src/stm32f1xx_hal_iwdg.o
LOAD ./Drivers/STM32F1xx_HAL_Driver/Src/stm32f1xx_hal_pwr.o
LOAD ./Drivers/STM32F1xx_HAL_Driver/Src/stm32f1xx_hal_rcc.o
LOAD ./Drivers/STM32F1xx_HAL_Driver/Src/stm32f1xx_hal_rcc_ex.o
LOAD ./Drivers/STM32F1xx_HAL_Driver/Src/stm32f1xx_hal_tim.o
LOAD ./Drivers/STM32F1xx_HAL_Driver/Src/stm32f1xx_hal_tim_ex.o
LOAD ./Drivers/STM32F1xx_HAL_Driver/Src/stm32f1xx_hal_uart.o
START GROUP
LOAD c:/st/stm32cubeide_1.7.0/stm32cubeide/plugins/com.st.stm32cube.ide.mcu.externaltools.gnu-tools-for-stm32.9-2020-q2-update.win32_2.0.0.202105311346/tools/bin/../lib/gcc/arm-none-eabi/9.3.1/../../../../arm-none-eabi/lib/thumb/v7-m/nofp\libc_nano.a
LOAD c:/st/stm32cubeide_1.7.0/stm32cubeide/plugins/com.st.stm32cube.ide.mcu.externaltools.gnu-tools-for-stm32.9-2020-q2-update.win32_2.0.0.202105311346/tools/bin/../lib/gcc/arm-none-eabi/9.3.1/../../../../arm-none-eabi/lib/thumb/v7-m/nofp\libm.a
END GROUP
START GROUP
LOAD c:/st/stm32cubeide_1.7.0/stm32cubeide/plugins/com.st.stm32cube.ide.mcu.externaltools.gnu-tools-for-stm32.9-2020-q2-update.win32_2.0.0.202105311346/tools/bin/../lib/gcc/arm-none-eabi/9.3.1/thumb/v7-m/nofp\libgcc.a
LOAD c:/st/stm32cubeide_1.7.0/stm32cubeide/plugins/com.st.stm32cube.ide.mcu.externaltools.gnu-tools-for-stm32.9-2020-q2-update.win32_2.0.0.202105311346/tools/bin/../lib/gcc/arm-none-eabi/9.3.1/../../../../arm-none-eabi/lib/thumb/v7-m/nofp\libc_nano.a
END GROUP
START GROUP
LOAD c:/st/stm32cubeide_1.7.0/stm32cubeide/plugins/com.st.stm32cube.ide.mcu.externaltools.gnu-tools-for-stm32.9-2020-q2-update.win32_2.0.0.202105311346/tools/bin/../lib/gcc/arm-none-eabi/9.3.1/thumb/v7-m/nofp\libgcc.a
LOAD c:/st/stm32cubeide_1.7.0/stm32cubeide/plugins/com.st.stm32cube.ide.mcu.externaltools.gnu-tools-for-stm32.9-2020-q2-update.win32_2.0.0.202105311346/tools/bin/../lib/gcc/arm-none-eabi/9.3.1/../../../../arm-none-eabi/lib/thumb/v7-m/nofp\libc_nano.a
LOAD c:/st/stm32cubeide_1.7.0/stm32cubeide/plugins/com.st.stm32cube.ide.mcu.externaltools.gnu-tools-for-stm32.9-2020-q2-update.win32_2.0.0.202105311346/tools/bin/../lib/gcc/arm-none-eabi/9.3.1/../../../../arm-none-eabi/lib/thumb/v7-m/nofp\libnosys.a
END GROUP
START GROUP
LOAD c:/st/stm32cubeide_1.7.0/stm32cubeide/plugins/com.st.stm32cube.ide.mcu.externaltools.gnu-tools-for-stm32.9-2020-q2-update.win32_2.0.0.202105311346/tools/bin/../lib/gcc/arm-none-eabi/9.3.1/thumb/v7-m/nofp\libgcc.a
LOAD c:/st/stm32cubeide_1.7.0/stm32cubeide/plugins/com.st.stm32cube.ide.mcu.externaltools.gnu-tools-for-stm32.9-2020-q2-update.win32_2.0.0.202105311346/tools/bin/../lib/gcc/arm-none-eabi/9.3.1/../../../../arm-none-eabi/lib/thumb/v7-m/nofp\libc_nano.a
LOAD c:/st/stm32cubeide_1.7.0/stm32cubeide/plugins/com.st.stm32cube.ide.mcu.externaltools.gnu-tools-for-stm32.9-2020-q2-update.win32_2.0.0.202105311346/tools/bin/../lib/gcc/arm-none-eabi/9.3.1/../../../../arm-none-eabi/lib/thumb/v7-m/nofp\libnosys.a
END GROUP
LOAD c:/st/stm32cubeide_1.7.0/stm32cubeide/plugins/com.st.stm32cube.ide.mcu.externaltools.gnu-tools-for-stm32.9-2020-q2-update.win32_2.0.0.202105311346/tools/bin/../lib/gcc/arm-none-eabi/9.3.1/thumb/v7-m/nofp/crtend.o
LOAD c:/st/stm32cubeide_1.7.0/stm32cubeide/plugins/com.st.stm32cube.ide.mcu.externaltools.gnu-tools-for-stm32.9-2020-q2-update.win32_2.0.0.202105311346/tools/bin/../lib/gcc/arm-none-eabi/9.3.1/thumb/v7-m/nofp/crtn.o
                0x0000000020002800                _estack = (ORIGIN (RAM) + LENGTH (RAM))
                0x0000000000000200                _Min_Heap_Size = 0x200
                0x0000000000000400                _Min_Stack_Size = 0x400

.isr_vector     0x0000000008000000      0x10c
                0x0000000008000000                . = ALIGN (0x4)
 *(.isr_vector)
 .isr_vector    0x0000000008000000      0x10c ./Core/Startup/startup_stm32f103c6ux.o
                0x0000000008000000                g_pfnVectors
                0x000000000800010c                . = ALIGN (0x4)

.text           0x000000000800010c     0x377c
                0x000000000800010c                . = ALIGN (0x4)
 *(.text)
 .text          0x000000000800010c       0x40 c:/st/stm32cubeide_1.7.0/stm32cubeide/plugins/com.st.stm32cube.ide.mcu.externaltools.gnu-tools-for-stm32.9-2020-q2-update.win32_2.0.0.202105311346/tools/bin/../lib/gcc/arm-none-eabi/9.3.1/thumb/v7-m/nofp/crtbegin.o
 *(.text*)
 .text.SCH_Go_To_Sleep
                0x000000000800014c       0x28 ./Core/Src/main.o
                0x000000000800014c                SCH_Go_To_Sleep
 .text.main     0x0000000008000174       0xa4 ./Core/Src/main.o
                0x0000000008000174                main
 .text.SystemClock_Config
                0x0000000008000218       0x7a ./Core/Src/main.o
                0x0000000008000218                SystemClock_Config
 *fill*         0x0000000008000292        0x2 
 .text.MX_IWDG_Init
                0x0000000008000294       0x34 ./Core/Src/main.o
 .text.MX_TIM2_Init
                0x00000000080002c8       0x98 ./Core/Src/main.o
 .text.MX_TIM3_Init
                0x0000000008000360       0x9c ./Core/Src/main.o
 .text.MX_USART1_UART_Init
                0x00000000080003fc       0x54 ./Core/Src/main.o
 .text.MX_GPIO_Init
                0x0000000008000450       0xc4 ./Core/Src/main.o
 .text.HAL_TIM_PeriodElapsedCallback
                0x0000000008000514       0x2c ./Core/Src/main.o
                0x0000000008000514                HAL_TIM_PeriodElapsedCallback
 .text.HAL_GPIO_EXTI_Callback
                0x0000000008000540       0x14 ./Core/Src/main.o
                0x0000000008000540                HAL_GPIO_EXTI_Callback
 .text.Error_Handler
                0x0000000008000554        0xa ./Core/Src/main.o
                0x0000000008000554                Error_Handler
 *fill*         0x000000000800055e        0x2 
 .text.SCH_Add_Task
                0x0000000008000560       0xb8 ./Core/Src/scheduler.o
                0x0000000008000560                SCH_Add_Task
 .text.SCH_Dispatch_Tasks
                0x0000000008000618       0x98 ./Core/Src/scheduler.o
                0x0000000008000618                SCH_Dispatch_Tasks
 .text.SCH_Update
                0x00000000080006b0       0xac ./Core/Src/scheduler.o
                0x00000000080006b0                SCH_Update
 .text.Shift_Task_To_Left
                0x000000000800075c       0xcc ./Core/Src/scheduler.o
                0x000000000800075c                Shift_Task_To_Left
 .text.SCH_Delete_Task
                0x0000000008000828       0xc4 ./Core/Src/scheduler.o
                0x0000000008000828                SCH_Delete_Task
 .text.update_other_tasks
                0x00000000080008ec       0x70 ./Core/Src/scheduler.o
                0x00000000080008ec                update_other_tasks
 .text.find_new_min_task
                0x000000000800095c       0x94 ./Core/Src/scheduler.o
                0x000000000800095c                find_new_min_task
 .text.SCH_Report_Status
                0x00000000080009f0        0xc ./Core/Src/scheduler.o
                0x00000000080009f0                SCH_Report_Status
 .text.HAL_MspInit
                0x00000000080009fc       0x64 ./Core/Src/stm32f1xx_hal_msp.o
                0x00000000080009fc                HAL_MspInit
 .text.HAL_TIM_Base_MspInit
                0x0000000008000a60       0x80 ./Core/Src/stm32f1xx_hal_msp.o
                0x0000000008000a60                HAL_TIM_Base_MspInit
 .text.HAL_UART_MspInit
                0x0000000008000ae0       0x98 ./Core/Src/stm32f1xx_hal_msp.o
                0x0000000008000ae0                HAL_UART_MspInit
 .text.NMI_Handler
                0x0000000008000b78        0x6 ./Core/Src/stm32f1xx_it.o
                0x0000000008000b78                NMI_Handler
 .text.HardFault_Handler
                0x0000000008000b7e        0x6 ./Core/Src/stm32f1xx_it.o
                0x0000000008000b7e                HardFault_Handler
 .text.MemManage_Handler
                0x0000000008000b84        0x6 ./Core/Src/stm32f1xx_it.o
                0x0000000008000b84                MemManage_Handler
 .text.BusFault_Handler
                0x0000000008000b8a        0x6 ./Core/Src/stm32f1xx_it.o
                0x0000000008000b8a                BusFault_Handler
 .text.UsageFault_Handler
                0x0000000008000b90        0x6 ./Core/Src/stm32f1xx_it.o
                0x0000000008000b90                UsageFault_Handler
 .text.SVC_Handler
                0x0000000008000b96        0xc ./Core/Src/stm32f1xx_it.o
                0x0000000008000b96                SVC_Handler
 .text.DebugMon_Handler
                0x0000000008000ba2        0xc ./Core/Src/stm32f1xx_it.o
                0x0000000008000ba2                DebugMon_Handler
 .text.PendSV_Handler
                0x0000000008000bae        0xc ./Core/Src/stm32f1xx_it.o
                0x0000000008000bae                PendSV_Handler
 .text.SysTick_Handler
                0x0000000008000bba        0xc ./Core/Src/stm32f1xx_it.o
                0x0000000008000bba                SysTick_Handler
 .text.EXTI0_IRQHandler
                0x0000000008000bc6        0xe ./Core/Src/stm32f1xx_it.o
                0x0000000008000bc6                EXTI0_IRQHandler
 .text.TIM2_IRQHandler
                0x0000000008000bd4       0x14 ./Core/Src/stm32f1xx_it.o
                0x0000000008000bd4                TIM2_IRQHandler
 .text.TIM3_IRQHandler
                0x0000000008000be8       0x14 ./Core/Src/stm32f1xx_it.o
                0x0000000008000be8                TIM3_IRQHandler
 .text._read    0x0000000008000bfc       0x3a ./Core/Src/syscalls.o
                0x0000000008000bfc                _read
 .text._close   0x0000000008000c36       0x16 ./Core/Src/syscalls.o
                0x0000000008000c36                _close
 .text._fstat   0x0000000008000c4c       0x1e ./Core/Src/syscalls.o
                0x0000000008000c4c                _fstat
 .text._isatty  0x0000000008000c6a       0x14 ./Core/Src/syscalls.o
                0x0000000008000c6a                _isatty
 .text._lseek   0x0000000008000c7e       0x18 ./Core/Src/syscalls.o
                0x0000000008000c7e                _lseek
 *fill*         0x0000000008000c96        0x2 
 .text._sbrk    0x0000000008000c98       0x6c ./Core/Src/sysmem.o
                0x0000000008000c98                _sbrk
 .text.SystemInit
                0x0000000008000d04        0xc ./Core/Src/system_stm32f1xx.o
                0x0000000008000d04                SystemInit
 .text.task0    0x0000000008000d10       0x28 ./Core/Src/task.o
                0x0000000008000d10                task0
 .text.task1    0x0000000008000d38       0x28 ./Core/Src/task.o
                0x0000000008000d38                task1
 .text.task2    0x0000000008000d60       0x28 ./Core/Src/task.o
                0x0000000008000d60                task2
 .text.task3    0x0000000008000d88       0x28 ./Core/Src/task.o
                0x0000000008000d88                task3
 .text.task4    0x0000000008000db0       0x28 ./Core/Src/task.o
                0x0000000008000db0                task4
 .text._write   0x0000000008000dd8       0x2c ./Core/Src/uart_msg.o
                0x0000000008000dd8                _write
 .text.Watchdog_Refresh
                0x0000000008000e04       0x14 ./Core/Src/watchdog.o
                0x0000000008000e04                Watchdog_Refresh
 .text.Reset_Handler
                0x0000000008000e18       0x48 ./Core/Startup/startup_stm32f103c6ux.o
                0x0000000008000e18                Reset_Handler
 .text.Default_Handler
                0x0000000008000e60        0x2 ./Core/Startup/startup_stm32f103c6ux.o
                0x0000000008000e60                RTC_Alarm_IRQHandler
                0x0000000008000e60                EXTI2_IRQHandler
                0x0000000008000e60                TIM1_CC_IRQHandler
                0x0000000008000e60                PVD_IRQHandler
                0x0000000008000e60                EXTI3_IRQHandler
                0x0000000008000e60                ADC1_2_IRQHandler
                0x0000000008000e60                SPI1_IRQHandler
                0x0000000008000e60                TAMPER_IRQHandler
                0x0000000008000e60                DMA1_Channel4_IRQHandler
                0x0000000008000e60                RTC_IRQHandler
                0x0000000008000e60                DMA1_Channel7_IRQHandler
                0x0000000008000e60                CAN1_RX1_IRQHandler
                0x0000000008000e60                I2C1_EV_IRQHandler
                0x0000000008000e60                DMA1_Channel6_IRQHandler
                0x0000000008000e60                RCC_IRQHandler
                0x0000000008000e60                TIM1_TRG_COM_IRQHandler
                0x0000000008000e60                DMA1_Channel1_IRQHandler
                0x0000000008000e60                Default_Handler
                0x0000000008000e60                EXTI15_10_IRQHandler
                0x0000000008000e60                EXTI9_5_IRQHandler
                0x0000000008000e60                DMA1_Channel5_IRQHandler
                0x0000000008000e60                EXTI4_IRQHandler
                0x0000000008000e60                USB_LP_CAN1_RX0_IRQHandler
                0x0000000008000e60                USB_HP_CAN1_TX_IRQHandler
                0x0000000008000e60                DMA1_Channel3_IRQHandler
                0x0000000008000e60                TIM1_UP_IRQHandler
                0x0000000008000e60                WWDG_IRQHandler
                0x0000000008000e60                TIM1_BRK_IRQHandler
                0x0000000008000e60                EXTI1_IRQHandler
                0x0000000008000e60                USART2_IRQHandler
                0x0000000008000e60                DMA1_Channel2_IRQHandler
                0x0000000008000e60                CAN1_SCE_IRQHandler
                0x0000000008000e60                FLASH_IRQHandler
                0x0000000008000e60                USART1_IRQHandler
                0x0000000008000e60                I2C1_ER_IRQHandler
                0x0000000008000e60                USBWakeUp_IRQHandler
 *fill*         0x0000000008000e62        0x2 
 .text.HAL_Init
                0x0000000008000e64       0x2c ./Drivers/STM32F1xx_HAL_Driver/Src/stm32f1xx_hal.o
                0x0000000008000e64                HAL_Init
 .text.HAL_InitTick
                0x0000000008000e90       0x60 ./Drivers/STM32F1xx_HAL_Driver/Src/stm32f1xx_hal.o
                0x0000000008000e90                HAL_InitTick
 .text.HAL_IncTick
                0x0000000008000ef0       0x24 ./Drivers/STM32F1xx_HAL_Driver/Src/stm32f1xx_hal.o
                0x0000000008000ef0                HAL_IncTick
 .text.HAL_GetTick
                0x0000000008000f14       0x14 ./Drivers/STM32F1xx_HAL_Driver/Src/stm32f1xx_hal.o
                0x0000000008000f14                HAL_GetTick
 .text.HAL_SuspendTick
                0x0000000008000f28       0x1c ./Drivers/STM32F1xx_HAL_Driver/Src/stm32f1xx_hal.o
                0x0000000008000f28                HAL_SuspendTick
 .text.HAL_ResumeTick
                0x0000000008000f44       0x1c ./Drivers/STM32F1xx_HAL_Driver/Src/stm32f1xx_hal.o
                0x0000000008000f44                HAL_ResumeTick
 .text.__NVIC_SetPriorityGrouping
                0x0000000008000f60       0x48 ./Drivers/STM32F1xx_HAL_Driver/Src/stm32f1xx_hal_cortex.o
 .text.__NVIC_GetPriorityGrouping
                0x0000000008000fa8       0x1c ./Drivers/STM32F1xx_HAL_Driver/Src/stm32f1xx_hal_cortex.o
 .text.__NVIC_EnableIRQ
                0x0000000008000fc4       0x38 ./Drivers/STM32F1xx_HAL_Driver/Src/stm32f1xx_hal_cortex.o
 .text.__NVIC_SetPriority
                0x0000000008000ffc       0x54 ./Drivers/STM32F1xx_HAL_Driver/Src/stm32f1xx_hal_cortex.o
 .text.NVIC_EncodePriority
                0x0000000008001050       0x64 ./Drivers/STM32F1xx_HAL_Driver/Src/stm32f1xx_hal_cortex.o
 .text.SysTick_Config
                0x00000000080010b4       0x44 ./Drivers/STM32F1xx_HAL_Driver/Src/stm32f1xx_hal_cortex.o
 .text.HAL_NVIC_SetPriorityGrouping
                0x00000000080010f8       0x16 ./Drivers/STM32F1xx_HAL_Driver/Src/stm32f1xx_hal_cortex.o
                0x00000000080010f8                HAL_NVIC_SetPriorityGrouping
 .text.HAL_NVIC_SetPriority
                0x000000000800110e       0x38 ./Drivers/STM32F1xx_HAL_Driver/Src/stm32f1xx_hal_cortex.o
                0x000000000800110e                HAL_NVIC_SetPriority
 .text.HAL_NVIC_EnableIRQ
                0x0000000008001146       0x1c ./Drivers/STM32F1xx_HAL_Driver/Src/stm32f1xx_hal_cortex.o
                0x0000000008001146                HAL_NVIC_EnableIRQ
 .text.HAL_SYSTICK_Config
                0x0000000008001162       0x18 ./Drivers/STM32F1xx_HAL_Driver/Src/stm32f1xx_hal_cortex.o
                0x0000000008001162                HAL_SYSTICK_Config
 *fill*         0x000000000800117a        0x2 
 .text.HAL_GPIO_Init
                0x000000000800117c      0x2f4 ./Drivers/STM32F1xx_HAL_Driver/Src/stm32f1xx_hal_gpio.o
                0x000000000800117c                HAL_GPIO_Init
 .text.HAL_GPIO_WritePin
                0x0000000008001470       0x30 ./Drivers/STM32F1xx_HAL_Driver/Src/stm32f1xx_hal_gpio.o
                0x0000000008001470                HAL_GPIO_WritePin
 .text.HAL_GPIO_TogglePin
                0x00000000080014a0       0x32 ./Drivers/STM32F1xx_HAL_Driver/Src/stm32f1xx_hal_gpio.o
                0x00000000080014a0                HAL_GPIO_TogglePin
 *fill*         0x00000000080014d2        0x2 
 .text.HAL_GPIO_EXTI_IRQHandler
                0x00000000080014d4       0x30 ./Drivers/STM32F1xx_HAL_Driver/Src/stm32f1xx_hal_gpio.o
                0x00000000080014d4                HAL_GPIO_EXTI_IRQHandler
 .text.HAL_IWDG_Init
                0x0000000008001504       0x84 ./Drivers/STM32F1xx_HAL_Driver/Src/stm32f1xx_hal_iwdg.o
                0x0000000008001504                HAL_IWDG_Init
 .text.HAL_IWDG_Refresh
                0x0000000008001588       0x1e ./Drivers/STM32F1xx_HAL_Driver/Src/stm32f1xx_hal_iwdg.o
                0x0000000008001588                HAL_IWDG_Refresh
 *fill*         0x00000000080015a6        0x2 
 .text.HAL_PWR_EnterSLEEPMode
                0x00000000080015a8       0x38 ./Drivers/STM32F1xx_HAL_Driver/Src/stm32f1xx_hal_pwr.o
                0x00000000080015a8                HAL_PWR_EnterSLEEPMode
 .text.HAL_RCC_OscConfig
                0x00000000080015e0      0x500 ./Drivers/STM32F1xx_HAL_Driver/Src/stm32f1xx_hal_rcc.o
                0x00000000080015e0                HAL_RCC_OscConfig
 .text.HAL_RCC_ClockConfig
                0x0000000008001ae0      0x1d4 ./Drivers/STM32F1xx_HAL_Driver/Src/stm32f1xx_hal_rcc.o
                0x0000000008001ae0                HAL_RCC_ClockConfig
 .text.HAL_RCC_GetSysClockFreq
                0x0000000008001cb4       0xc0 ./Drivers/STM32F1xx_HAL_Driver/Src/stm32f1xx_hal_rcc.o
                0x0000000008001cb4                HAL_RCC_GetSysClockFreq
 .text.HAL_RCC_GetHCLKFreq
                0x0000000008001d74       0x14 ./Drivers/STM32F1xx_HAL_Driver/Src/stm32f1xx_hal_rcc.o
                0x0000000008001d74                HAL_RCC_GetHCLKFreq
 .text.HAL_RCC_GetPCLK1Freq
                0x0000000008001d88       0x28 ./Drivers/STM32F1xx_HAL_Driver/Src/stm32f1xx_hal_rcc.o
                0x0000000008001d88                HAL_RCC_GetPCLK1Freq
 .text.HAL_RCC_GetPCLK2Freq
                0x0000000008001db0       0x28 ./Drivers/STM32F1xx_HAL_Driver/Src/stm32f1xx_hal_rcc.o
                0x0000000008001db0                HAL_RCC_GetPCLK2Freq
 .text.RCC_Delay
                0x0000000008001dd8       0x3c ./Drivers/STM32F1xx_HAL_Driver/Src/stm32f1xx_hal_rcc.o
 .text.HAL_TIM_Base_Init
                0x0000000008001e14       0x9e ./Drivers/STM32F1xx_HAL_Driver/Src/stm32f1xx_hal_tim.o
                0x0000000008001e14                HAL_TIM_Base_Init
 *fill*         0x0000000008001eb2        0x2 
 .text.HAL_TIM_Base_Start_IT
                0x0000000008001eb4       0x98 ./Drivers/STM32F1xx_HAL_Driver/Src/stm32f1xx_hal_tim.o
                0x0000000008001eb4                HAL_TIM_Base_Start_IT
 .text.HAL_TIM_IRQHandler
                0x0000000008001f4c      0x210 ./Drivers/STM32F1xx_HAL_Driver/Src/stm32f1xx_hal_tim.o
                0x0000000008001f4c                HAL_TIM_IRQHandler
 .text.HAL_TIM_ConfigClockSource
                0x000000000800215c      0x188 ./Drivers/STM32F1xx_HAL_Driver/Src/stm32f1xx_hal_tim.o
                0x000000000800215c                HAL_TIM_ConfigClockSource
 .text.HAL_TIM_OC_DelayElapsedCallback
                0x00000000080022e4       0x12 ./Drivers/STM32F1xx_HAL_Driver/Src/stm32f1xx_hal_tim.o
                0x00000000080022e4                HAL_TIM_OC_DelayElapsedCallback
 .text.HAL_TIM_IC_CaptureCallback
                0x00000000080022f6       0x12 ./Drivers/STM32F1xx_HAL_Driver/Src/stm32f1xx_hal_tim.o
                0x00000000080022f6                HAL_TIM_IC_CaptureCallback
 .text.HAL_TIM_PWM_PulseFinishedCallback
                0x0000000008002308       0x12 ./Drivers/STM32F1xx_HAL_Driver/Src/stm32f1xx_hal_tim.o
                0x0000000008002308                HAL_TIM_PWM_PulseFinishedCallback
 .text.HAL_TIM_TriggerCallback
                0x000000000800231a       0x12 ./Drivers/STM32F1xx_HAL_Driver/Src/stm32f1xx_hal_tim.o
                0x000000000800231a                HAL_TIM_TriggerCallback
 .text.TIM_Base_SetConfig
                0x000000000800232c       0xb0 ./Drivers/STM32F1xx_HAL_Driver/Src/stm32f1xx_hal_tim.o
                0x000000000800232c                TIM_Base_SetConfig
 .text.TIM_TI1_ConfigInputStage
                0x00000000080023dc       0x5c ./Drivers/STM32F1xx_HAL_Driver/Src/stm32f1xx_hal_tim.o
 .text.TIM_TI2_ConfigInputStage
                0x0000000008002438       0x5e ./Drivers/STM32F1xx_HAL_Driver/Src/stm32f1xx_hal_tim.o
 .text.TIM_ITRx_SetConfig
                0x0000000008002496       0x34 ./Drivers/STM32F1xx_HAL_Driver/Src/stm32f1xx_hal_tim.o
 .text.TIM_ETR_SetConfig
                0x00000000080024ca       0x3e ./Drivers/STM32F1xx_HAL_Driver/Src/stm32f1xx_hal_tim.o
                0x00000000080024ca                TIM_ETR_SetConfig
 .text.HAL_TIMEx_MasterConfigSynchronization
                0x0000000008002508       0xb0 ./Drivers/STM32F1xx_HAL_Driver/Src/stm32f1xx_hal_tim_ex.o
                0x0000000008002508                HAL_TIMEx_MasterConfigSynchronization
 .text.HAL_TIMEx_CommutCallback
                0x00000000080025b8       0x12 ./Drivers/STM32F1xx_HAL_Driver/Src/stm32f1xx_hal_tim_ex.o
                0x00000000080025b8                HAL_TIMEx_CommutCallback
 .text.HAL_TIMEx_BreakCallback
                0x00000000080025ca       0x12 ./Drivers/STM32F1xx_HAL_Driver/Src/stm32f1xx_hal_tim_ex.o
                0x00000000080025ca                HAL_TIMEx_BreakCallback
 .text.HAL_UART_Init
                0x00000000080025dc       0x9a ./Drivers/STM32F1xx_HAL_Driver/Src/stm32f1xx_hal_uart.o
                0x00000000080025dc                HAL_UART_Init
 .text.HAL_UART_Transmit
                0x0000000008002676      0x124 ./Drivers/STM32F1xx_HAL_Driver/Src/stm32f1xx_hal_uart.o
                0x0000000008002676                HAL_UART_Transmit
 .text.UART_WaitOnFlagUntilTimeout
                0x000000000800279a       0x94 ./Drivers/STM32F1xx_HAL_Driver/Src/stm32f1xx_hal_uart.o
 *fill*         0x000000000800282e        0x2 
 .text.UART_SetConfig
                0x0000000008002830      0x11c ./Drivers/STM32F1xx_HAL_Driver/Src/stm32f1xx_hal_uart.o
 .text.__errno  0x000000000800294c        0xc c:/st/stm32cubeide_1.7.0/stm32cubeide/plugins/com.st.stm32cube.ide.mcu.externaltools.gnu-tools-for-stm32.9-2020-q2-update.win32_2.0.0.202105311346/tools/bin/../lib/gcc/arm-none-eabi/9.3.1/../../../../arm-none-eabi/lib/thumb/v7-m/nofp\libc_nano.a(lib_a-errno.o)
                0x000000000800294c                __errno
 .text.__libc_init_array
                0x0000000008002958       0x48 c:/st/stm32cubeide_1.7.0/stm32cubeide/plugins/com.st.stm32cube.ide.mcu.externaltools.gnu-tools-for-stm32.9-2020-q2-update.win32_2.0.0.202105311346/tools/bin/../lib/gcc/arm-none-eabi/9.3.1/../../../../arm-none-eabi/lib/thumb/v7-m/nofp\libc_nano.a(lib_a-init.o)
                0x0000000008002958                __libc_init_array
 .text.memset   0x00000000080029a0       0x10 c:/st/stm32cubeide_1.7.0/stm32cubeide/plugins/com.st.stm32cube.ide.mcu.externaltools.gnu-tools-for-stm32.9-2020-q2-update.win32_2.0.0.202105311346/tools/bin/../lib/gcc/arm-none-eabi/9.3.1/../../../../arm-none-eabi/lib/thumb/v7-m/nofp\libc_nano.a(lib_a-memset.o)
                0x00000000080029a0                memset
 .text.printf   0x00000000080029b0       0x30 c:/st/stm32cubeide_1.7.0/stm32cubeide/plugins/com.st.stm32cube.ide.mcu.externaltools.gnu-tools-for-stm32.9-2020-q2-update.win32_2.0.0.202105311346/tools/bin/../lib/gcc/arm-none-eabi/9.3.1/../../../../arm-none-eabi/lib/thumb/v7-m/nofp\libc_nano.a(lib_a-printf.o)
                0x00000000080029b0                iprintf
                0x00000000080029b0                printf
 .text.std      0x00000000080029e0       0x48 c:/st/stm32cubeide_1.7.0/stm32cubeide/plugins/com.st.stm32cube.ide.mcu.externaltools.gnu-tools-for-stm32.9-2020-q2-update.win32_2.0.0.202105311346/tools/bin/../lib/gcc/arm-none-eabi/9.3.1/../../../../arm-none-eabi/lib/thumb/v7-m/nofp\libc_nano.a(lib_a-findfp.o)
 .text._cleanup_r
                0x0000000008002a28        0xc c:/st/stm32cubeide_1.7.0/stm32cubeide/plugins/com.st.stm32cube.ide.mcu.externaltools.gnu-tools-for-stm32.9-2020-q2-update.win32_2.0.0.202105311346/tools/bin/../lib/gcc/arm-none-eabi/9.3.1/../../../../arm-none-eabi/lib/thumb/v7-m/nofp\libc_nano.a(lib_a-findfp.o)
                0x0000000008002a28                _cleanup_r
 .text.__sfmoreglue
                0x0000000008002a34       0x2c c:/st/stm32cubeide_1.7.0/stm32cubeide/plugins/com.st.stm32cube.ide.mcu.externaltools.gnu-tools-for-stm32.9-2020-q2-update.win32_2.0.0.202105311346/tools/bin/../lib/gcc/arm-none-eabi/9.3.1/../../../../arm-none-eabi/lib/thumb/v7-m/nofp\libc_nano.a(lib_a-findfp.o)
                0x0000000008002a34                __sfmoreglue
 .text.__sfp_lock_acquire
                0x0000000008002a60        0xc c:/st/stm32cubeide_1.7.0/stm32cubeide/plugins/com.st.stm32cube.ide.mcu.externaltools.gnu-tools-for-stm32.9-2020-q2-update.win32_2.0.0.202105311346/tools/bin/../lib/gcc/arm-none-eabi/9.3.1/../../../../arm-none-eabi/lib/thumb/v7-m/nofp\libc_nano.a(lib_a-findfp.o)
                0x0000000008002a60                __sfp_lock_acquire
 .text.__sfp_lock_release
                0x0000000008002a6c        0xc c:/st/stm32cubeide_1.7.0/stm32cubeide/plugins/com.st.stm32cube.ide.mcu.externaltools.gnu-tools-for-stm32.9-2020-q2-update.win32_2.0.0.202105311346/tools/bin/../lib/gcc/arm-none-eabi/9.3.1/../../../../arm-none-eabi/lib/thumb/v7-m/nofp\libc_nano.a(lib_a-findfp.o)
                0x0000000008002a6c                __sfp_lock_release
 .text.__sinit_lock_acquire
                0x0000000008002a78        0xc c:/st/stm32cubeide_1.7.0/stm32cubeide/plugins/com.st.stm32cube.ide.mcu.externaltools.gnu-tools-for-stm32.9-2020-q2-update.win32_2.0.0.202105311346/tools/bin/../lib/gcc/arm-none-eabi/9.3.1/../../../../arm-none-eabi/lib/thumb/v7-m/nofp\libc_nano.a(lib_a-findfp.o)
                0x0000000008002a78                __sinit_lock_acquire
 .text.__sinit_lock_release
                0x0000000008002a84        0xc c:/st/stm32cubeide_1.7.0/stm32cubeide/plugins/com.st.stm32cube.ide.mcu.externaltools.gnu-tools-for-stm32.9-2020-q2-update.win32_2.0.0.202105311346/tools/bin/../lib/gcc/arm-none-eabi/9.3.1/../../../../arm-none-eabi/lib/thumb/v7-m/nofp\libc_nano.a(lib_a-findfp.o)
                0x0000000008002a84                __sinit_lock_release
 .text.__sinit  0x0000000008002a90       0x70 c:/st/stm32cubeide_1.7.0/stm32cubeide/plugins/com.st.stm32cube.ide.mcu.externaltools.gnu-tools-for-stm32.9-2020-q2-update.win32_2.0.0.202105311346/tools/bin/../lib/gcc/arm-none-eabi/9.3.1/../../../../arm-none-eabi/lib/thumb/v7-m/nofp\libc_nano.a(lib_a-findfp.o)
                0x0000000008002a90                __sinit
 .text.__sfp    0x0000000008002b00       0x8c c:/st/stm32cubeide_1.7.0/stm32cubeide/plugins/com.st.stm32cube.ide.mcu.externaltools.gnu-tools-for-stm32.9-2020-q2-update.win32_2.0.0.202105311346/tools/bin/../lib/gcc/arm-none-eabi/9.3.1/../../../../arm-none-eabi/lib/thumb/v7-m/nofp\libc_nano.a(lib_a-findfp.o)
                0x0000000008002b00                __sfp
 .text._fwalk_reent
                0x0000000008002b8c       0x3e c:/st/stm32cubeide_1.7.0/stm32cubeide/plugins/com.st.stm32cube.ide.mcu.externaltools.gnu-tools-for-stm32.9-2020-q2-update.win32_2.0.0.202105311346/tools/bin/../lib/gcc/arm-none-eabi/9.3.1/../../../../arm-none-eabi/lib/thumb/v7-m/nofp\libc_nano.a(lib_a-fwalk.o)
                0x0000000008002b8c                _fwalk_reent
 .text.__retarget_lock_init_recursive
                0x0000000008002bca        0x2 c:/st/stm32cubeide_1.7.0/stm32cubeide/plugins/com.st.stm32cube.ide.mcu.externaltools.gnu-tools-for-stm32.9-2020-q2-update.win32_2.0.0.202105311346/tools/bin/../lib/gcc/arm-none-eabi/9.3.1/../../../../arm-none-eabi/lib/thumb/v7-m/nofp\libc_nano.a(lib_a-lock.o)
                0x0000000008002bca                __retarget_lock_init_recursive
 .text.__retarget_lock_acquire_recursive
                0x0000000008002bcc        0x2 c:/st/stm32cubeide_1.7.0/stm32cubeide/plugins/com.st.stm32cube.ide.mcu.externaltools.gnu-tools-for-stm32.9-2020-q2-update.win32_2.0.0.202105311346/tools/bin/../lib/gcc/arm-none-eabi/9.3.1/../../../../arm-none-eabi/lib/thumb/v7-m/nofp\libc_nano.a(lib_a-lock.o)
                0x0000000008002bcc                __retarget_lock_acquire_recursive
 .text.__retarget_lock_release_recursive
                0x0000000008002bce        0x2 c:/st/stm32cubeide_1.7.0/stm32cubeide/plugins/com.st.stm32cube.ide.mcu.externaltools.gnu-tools-for-stm32.9-2020-q2-update.win32_2.0.0.202105311346/tools/bin/../lib/gcc/arm-none-eabi/9.3.1/../../../../arm-none-eabi/lib/thumb/v7-m/nofp\libc_nano.a(lib_a-lock.o)
                0x0000000008002bce                __retarget_lock_release_recursive
 .text._malloc_r
                0x0000000008002bd0       0xb4 c:/st/stm32cubeide_1.7.0/stm32cubeide/plugins/com.st.stm32cube.ide.mcu.externaltools.gnu-tools-for-stm32.9-2020-q2-update.win32_2.0.0.202105311346/tools/bin/../lib/gcc/arm-none-eabi/9.3.1/../../../../arm-none-eabi/lib/thumb/v7-m/nofp\libc_nano.a(lib_a-nano-mallocr.o)
                0x0000000008002bd0                _malloc_r
 .text.__sfputc_r
                0x0000000008002c84       0x2a c:/st/stm32cubeide_1.7.0/stm32cubeide/plugins/com.st.stm32cube.ide.mcu.externaltools.gnu-tools-for-stm32.9-2020-q2-update.win32_2.0.0.202105311346/tools/bin/../lib/gcc/arm-none-eabi/9.3.1/../../../../arm-none-eabi/lib/thumb/v7-m/nofp\libc_nano.a(lib_a-nano-vfprintf.o)
 .text.__sfputs_r
                0x0000000008002cae       0x24 c:/st/stm32cubeide_1.7.0/stm32cubeide/plugins/com.st.stm32cube.ide.mcu.externaltools.gnu-tools-for-stm32.9-2020-q2-update.win32_2.0.0.202105311346/tools/bin/../lib/gcc/arm-none-eabi/9.3.1/../../../../arm-none-eabi/lib/thumb/v7-m/nofp\libc_nano.a(lib_a-nano-vfprintf.o)
                0x0000000008002cae                __sfputs_r
 *fill*         0x0000000008002cd2        0x2 
 .text._vfprintf_r
                0x0000000008002cd4      0x260 c:/st/stm32cubeide_1.7.0/stm32cubeide/plugins/com.st.stm32cube.ide.mcu.externaltools.gnu-tools-for-stm32.9-2020-q2-update.win32_2.0.0.202105311346/tools/bin/../lib/gcc/arm-none-eabi/9.3.1/../../../../arm-none-eabi/lib/thumb/v7-m/nofp\libc_nano.a(lib_a-nano-vfprintf.o)
                0x0000000008002cd4                _vfprintf_r
                0x0000000008002cd4                _vfiprintf_r
 .text._printf_common
                0x0000000008002f34       0xde c:/st/stm32cubeide_1.7.0/stm32cubeide/plugins/com.st.stm32cube.ide.mcu.externaltools.gnu-tools-for-stm32.9-2020-q2-update.win32_2.0.0.202105311346/tools/bin/../lib/gcc/arm-none-eabi/9.3.1/../../../../arm-none-eabi/lib/thumb/v7-m/nofp\libc_nano.a(lib_a-nano-vfprintf_i.o)
                0x0000000008002f34                _printf_common
 *fill*         0x0000000008003012        0x2 
 .text._printf_i
                0x0000000008003014      0x24c c:/st/stm32cubeide_1.7.0/stm32cubeide/plugins/com.st.stm32cube.ide.mcu.externaltools.gnu-tools-for-stm32.9-2020-q2-update.win32_2.0.0.202105311346/tools/bin/../lib/gcc/arm-none-eabi/9.3.1/../../../../arm-none-eabi/lib/thumb/v7-m/nofp\libc_nano.a(lib_a-nano-vfprintf_i.o)
                0x0000000008003014                _printf_i
 .text._sbrk_r  0x0000000008003260       0x20 c:/st/stm32cubeide_1.7.0/stm32cubeide/plugins/com.st.stm32cube.ide.mcu.externaltools.gnu-tools-for-stm32.9-2020-q2-update.win32_2.0.0.202105311346/tools/bin/../lib/gcc/arm-none-eabi/9.3.1/../../../../arm-none-eabi/lib/thumb/v7-m/nofp\libc_nano.a(lib_a-sbrkr.o)
                0x0000000008003260                _sbrk_r
 .text.__sread  0x0000000008003280       0x22 c:/st/stm32cubeide_1.7.0/stm32cubeide/plugins/com.st.stm32cube.ide.mcu.externaltools.gnu-tools-for-stm32.9-2020-q2-update.win32_2.0.0.202105311346/tools/bin/../lib/gcc/arm-none-eabi/9.3.1/../../../../arm-none-eabi/lib/thumb/v7-m/nofp\libc_nano.a(lib_a-stdio.o)
                0x0000000008003280                __sread
 .text.__swrite
                0x00000000080032a2       0x38 c:/st/stm32cubeide_1.7.0/stm32cubeide/plugins/com.st.stm32cube.ide.mcu.externaltools.gnu-tools-for-stm32.9-2020-q2-update.win32_2.0.0.202105311346/tools/bin/../lib/gcc/arm-none-eabi/9.3.1/../../../../arm-none-eabi/lib/thumb/v7-m/nofp\libc_nano.a(lib_a-stdio.o)
                0x00000000080032a2                __swrite
 .text.__sseek  0x00000000080032da       0x24 c:/st/stm32cubeide_1.7.0/stm32cubeide/plugins/com.st.stm32cube.ide.mcu.externaltools.gnu-tools-for-stm32.9-2020-q2-update.win32_2.0.0.202105311346/tools/bin/../lib/gcc/arm-none-eabi/9.3.1/../../../../arm-none-eabi/lib/thumb/v7-m/nofp\libc_nano.a(lib_a-stdio.o)
                0x00000000080032da                __sseek
 .text.__sclose
                0x00000000080032fe        0x8 c:/st/stm32cubeide_1.7.0/stm32cubeide/plugins/com.st.stm32cube.ide.mcu.externaltools.gnu-tools-for-stm32.9-2020-q2-update.win32_2.0.0.202105311346/tools/bin/../lib/gcc/arm-none-eabi/9.3.1/../../../../arm-none-eabi/lib/thumb/v7-m/nofp\libc_nano.a(lib_a-stdio.o)
                0x00000000080032fe                __sclose
 *fill*         0x0000000008003306        0x2 
 .text.__swbuf_r
                0x0000000008003308       0xa4 c:/st/stm32cubeide_1.7.0/stm32cubeide/plugins/com.st.stm32cube.ide.mcu.externaltools.gnu-tools-for-stm32.9-2020-q2-update.win32_2.0.0.202105311346/tools/bin/../lib/gcc/arm-none-eabi/9.3.1/../../../../arm-none-eabi/lib/thumb/v7-m/nofp\libc_nano.a(lib_a-wbuf.o)
                0x0000000008003308                __swbuf_r
 .text._write_r
                0x00000000080033ac       0x24 c:/st/stm32cubeide_1.7.0/stm32cubeide/plugins/com.st.stm32cube.ide.mcu.externaltools.gnu-tools-for-stm32.9-2020-q2-update.win32_2.0.0.202105311346/tools/bin/../lib/gcc/arm-none-eabi/9.3.1/../../../../arm-none-eabi/lib/thumb/v7-m/nofp\libc_nano.a(lib_a-writer.o)
                0x00000000080033ac                _write_r
 .text.__swsetup_r
                0x00000000080033d0       0xdc c:/st/stm32cubeide_1.7.0/stm32cubeide/plugins/com.st.stm32cube.ide.mcu.externaltools.gnu-tools-for-stm32.9-2020-q2-update.win32_2.0.0.202105311346/tools/bin/../lib/gcc/arm-none-eabi/9.3.1/../../../../arm-none-eabi/lib/thumb/v7-m/nofp\libc_nano.a(lib_a-wsetup.o)
                0x00000000080033d0                __swsetup_r
 .text._close_r
                0x00000000080034ac       0x20 c:/st/stm32cubeide_1.7.0/stm32cubeide/plugins/com.st.stm32cube.ide.mcu.externaltools.gnu-tools-for-stm32.9-2020-q2-update.win32_2.0.0.202105311346/tools/bin/../lib/gcc/arm-none-eabi/9.3.1/../../../../arm-none-eabi/lib/thumb/v7-m/nofp\libc_nano.a(lib_a-closer.o)
                0x00000000080034ac                _close_r
 .text.__sflush_r
                0x00000000080034cc      0x10c c:/st/stm32cubeide_1.7.0/stm32cubeide/plugins/com.st.stm32cube.ide.mcu.externaltools.gnu-tools-for-stm32.9-2020-q2-update.win32_2.0.0.202105311346/tools/bin/../lib/gcc/arm-none-eabi/9.3.1/../../../../arm-none-eabi/lib/thumb/v7-m/nofp\libc_nano.a(lib_a-fflush.o)
                0x00000000080034cc                __sflush_r
 .text._fflush_r
                0x00000000080035d8       0x78 c:/st/stm32cubeide_1.7.0/stm32cubeide/plugins/com.st.stm32cube.ide.mcu.externaltools.gnu-tools-for-stm32.9-2020-q2-update.win32_2.0.0.202105311346/tools/bin/../lib/gcc/arm-none-eabi/9.3.1/../../../../arm-none-eabi/lib/thumb/v7-m/nofp\libc_nano.a(lib_a-fflush.o)
                0x00000000080035d8                _fflush_r
 .text._lseek_r
                0x0000000008003650       0x24 c:/st/stm32cubeide_1.7.0/stm32cubeide/plugins/com.st.stm32cube.ide.mcu.externaltools.gnu-tools-for-stm32.9-2020-q2-update.win32_2.0.0.202105311346/tools/bin/../lib/gcc/arm-none-eabi/9.3.1/../../../../arm-none-eabi/lib/thumb/v7-m/nofp\libc_nano.a(lib_a-lseekr.o)
                0x0000000008003650                _lseek_r
 .text.__swhatbuf_r
                0x0000000008003674       0x48 c:/st/stm32cubeide_1.7.0/stm32cubeide/plugins/com.st.stm32cube.ide.mcu.externaltools.gnu-tools-for-stm32.9-2020-q2-update.win32_2.0.0.202105311346/tools/bin/../lib/gcc/arm-none-eabi/9.3.1/../../../../arm-none-eabi/lib/thumb/v7-m/nofp\libc_nano.a(lib_a-makebuf.o)
                0x0000000008003674                __swhatbuf_r
 .text.__smakebuf_r
                0x00000000080036bc       0x80 c:/st/stm32cubeide_1.7.0/stm32cubeide/plugins/com.st.stm32cube.ide.mcu.externaltools.gnu-tools-for-stm32.9-2020-q2-update.win32_2.0.0.202105311346/tools/bin/../lib/gcc/arm-none-eabi/9.3.1/../../../../arm-none-eabi/lib/thumb/v7-m/nofp\libc_nano.a(lib_a-makebuf.o)
                0x00000000080036bc                __smakebuf_r
 .text.memchr   0x000000000800373c       0x1c c:/st/stm32cubeide_1.7.0/stm32cubeide/plugins/com.st.stm32cube.ide.mcu.externaltools.gnu-tools-for-stm32.9-2020-q2-update.win32_2.0.0.202105311346/tools/bin/../lib/gcc/arm-none-eabi/9.3.1/../../../../arm-none-eabi/lib/thumb/v7-m/nofp\libc_nano.a(lib_a-memchr-stub.o)
                0x000000000800373c                memchr
 .text.__malloc_lock
                0x0000000008003758        0xc c:/st/stm32cubeide_1.7.0/stm32cubeide/plugins/com.st.stm32cube.ide.mcu.externaltools.gnu-tools-for-stm32.9-2020-q2-update.win32_2.0.0.202105311346/tools/bin/../lib/gcc/arm-none-eabi/9.3.1/../../../../arm-none-eabi/lib/thumb/v7-m/nofp\libc_nano.a(lib_a-mlock.o)
                0x0000000008003758                __malloc_lock
 .text.__malloc_unlock
                0x0000000008003764        0xc c:/st/stm32cubeide_1.7.0/stm32cubeide/plugins/com.st.stm32cube.ide.mcu.externaltools.gnu-tools-for-stm32.9-2020-q2-update.win32_2.0.0.202105311346/tools/bin/../lib/gcc/arm-none-eabi/9.3.1/../../../../arm-none-eabi/lib/thumb/v7-m/nofp\libc_nano.a(lib_a-mlock.o)
                0x0000000008003764                __malloc_unlock
 .text._free_r  0x0000000008003770       0x98 c:/st/stm32cubeide_1.7.0/stm32cubeide/plugins/com.st.stm32cube.ide.mcu.externaltools.gnu-tools-for-stm32.9-2020-q2-update.win32_2.0.0.202105311346/tools/bin/../lib/gcc/arm-none-eabi/9.3.1/../../../../arm-none-eabi/lib/thumb/v7-m/nofp\libc_nano.a(lib_a-nano-freer.o)
                0x0000000008003770                _free_r
 .text._read_r  0x0000000008003808       0x24 c:/st/stm32cubeide_1.7.0/stm32cubeide/plugins/com.st.stm32cube.ide.mcu.externaltools.gnu-tools-for-stm32.9-2020-q2-update.win32_2.0.0.202105311346/tools/bin/../lib/gcc/arm-none-eabi/9.3.1/../../../../arm-none-eabi/lib/thumb/v7-m/nofp\libc_nano.a(lib_a-readr.o)
                0x0000000008003808                _read_r
 .text._fstat_r
                0x000000000800382c       0x24 c:/st/stm32cubeide_1.7.0/stm32cubeide/plugins/com.st.stm32cube.ide.mcu.externaltools.gnu-tools-for-stm32.9-2020-q2-update.win32_2.0.0.202105311346/tools/bin/../lib/gcc/arm-none-eabi/9.3.1/../../../../arm-none-eabi/lib/thumb/v7-m/nofp\libc_nano.a(lib_a-fstatr.o)
                0x000000000800382c                _fstat_r
 .text._isatty_r
                0x0000000008003850       0x20 c:/st/stm32cubeide_1.7.0/stm32cubeide/plugins/com.st.stm32cube.ide.mcu.externaltools.gnu-tools-for-stm32.9-2020-q2-update.win32_2.0.0.202105311346/tools/bin/../lib/gcc/arm-none-eabi/9.3.1/../../../../arm-none-eabi/lib/thumb/v7-m/nofp\libc_nano.a(lib_a-isattyr.o)
                0x0000000008003850                _isatty_r
 *(.glue_7)
 .glue_7        0x0000000008003870        0x0 linker stubs
 *(.glue_7t)
 .glue_7t       0x0000000008003870        0x0 linker stubs
 *(.eh_frame)
 .eh_frame      0x0000000008003870        0x0 c:/st/stm32cubeide_1.7.0/stm32cubeide/plugins/com.st.stm32cube.ide.mcu.externaltools.gnu-tools-for-stm32.9-2020-q2-update.win32_2.0.0.202105311346/tools/bin/../lib/gcc/arm-none-eabi/9.3.1/thumb/v7-m/nofp/crtbegin.o
 *(.init)
 .init          0x0000000008003870        0x4 c:/st/stm32cubeide_1.7.0/stm32cubeide/plugins/com.st.stm32cube.ide.mcu.externaltools.gnu-tools-for-stm32.9-2020-q2-update.win32_2.0.0.202105311346/tools/bin/../lib/gcc/arm-none-eabi/9.3.1/thumb/v7-m/nofp/crti.o
                0x0000000008003870                _init
 .init          0x0000000008003874        0x8 c:/st/stm32cubeide_1.7.0/stm32cubeide/plugins/com.st.stm32cube.ide.mcu.externaltools.gnu-tools-for-stm32.9-2020-q2-update.win32_2.0.0.202105311346/tools/bin/../lib/gcc/arm-none-eabi/9.3.1/thumb/v7-m/nofp/crtn.o
 *(.fini)
 .fini          0x000000000800387c        0x4 c:/st/stm32cubeide_1.7.0/stm32cubeide/plugins/com.st.stm32cube.ide.mcu.externaltools.gnu-tools-for-stm32.9-2020-q2-update.win32_2.0.0.202105311346/tools/bin/../lib/gcc/arm-none-eabi/9.3.1/thumb/v7-m/nofp/crti.o
                0x000000000800387c                _fini
 .fini          0x0000000008003880        0x8 c:/st/stm32cubeide_1.7.0/stm32cubeide/plugins/com.st.stm32cube.ide.mcu.externaltools.gnu-tools-for-stm32.9-2020-q2-update.win32_2.0.0.202105311346/tools/bin/../lib/gcc/arm-none-eabi/9.3.1/thumb/v7-m/nofp/crtn.o
                0x0000000008003888                . = ALIGN (0x4)
                0x0000000008003888                _etext = .

.vfp11_veneer   0x0000000008003888        0x0
 .vfp11_veneer  0x0000000008003888        0x0 linker stubs

.v4_bx          0x0000000008003888        0x0
 .v4_bx         0x0000000008003888        0x0 linker stubs

.iplt           0x0000000008003888        0x0
 .iplt          0x0000000008003888        0x0 c:/st/stm32cubeide_1.7.0/stm32cubeide/plugins/com.st.stm32cube.ide.mcu.externaltools.gnu-tools-for-stm32.9-2020-q2-update.win32_2.0.0.202105311346/tools/bin/../lib/gcc/arm-none-eabi/9.3.1/thumb/v7-m/nofp/crtbegin.o

.rodata         0x0000000008003888      0x138
                0x0000000008003888                . = ALIGN (0x4)
 *(.rodata)
 .rodata        0x0000000008003888       0x78 ./Core/Src/task.o
 .rodata        0x0000000008003900       0x10 ./Drivers/STM32F1xx_HAL_Driver/Src/stm32f1xx_hal_rcc.o
 *(.rodata*)
 .rodata.AHBPrescTable
                0x0000000008003910       0x10 ./Core/Src/system_stm32f1xx.o
                0x0000000008003910                AHBPrescTable
 .rodata.APBPrescTable
                0x0000000008003920        0x8 ./Core/Src/system_stm32f1xx.o
                0x0000000008003920                APBPrescTable
 .rodata._global_impure_ptr
                0x0000000008003928        0x4 c:/st/stm32cubeide_1.7.0/stm32cubeide/plugins/com.st.stm32cube.ide.mcu.externaltools.gnu-tools-for-stm32.9-2020-q2-update.win32_2.0.0.202105311346/tools/bin/../lib/gcc/arm-none-eabi/9.3.1/../../../../arm-none-eabi/lib/thumb/v7-m/nofp\libc_nano.a(lib_a-impure.o)
                0x0000000008003928                _global_impure_ptr
 .rodata.__sf_fake_stderr
                0x000000000800392c       0x20 c:/st/stm32cubeide_1.7.0/stm32cubeide/plugins/com.st.stm32cube.ide.mcu.externaltools.gnu-tools-for-stm32.9-2020-q2-update.win32_2.0.0.202105311346/tools/bin/../lib/gcc/arm-none-eabi/9.3.1/../../../../arm-none-eabi/lib/thumb/v7-m/nofp\libc_nano.a(lib_a-findfp.o)
                0x000000000800392c                __sf_fake_stderr
 .rodata.__sf_fake_stdin
                0x000000000800394c       0x20 c:/st/stm32cubeide_1.7.0/stm32cubeide/plugins/com.st.stm32cube.ide.mcu.externaltools.gnu-tools-for-stm32.9-2020-q2-update.win32_2.0.0.202105311346/tools/bin/../lib/gcc/arm-none-eabi/9.3.1/../../../../arm-none-eabi/lib/thumb/v7-m/nofp\libc_nano.a(lib_a-findfp.o)
                0x000000000800394c                __sf_fake_stdin
 .rodata.__sf_fake_stdout
                0x000000000800396c       0x20 c:/st/stm32cubeide_1.7.0/stm32cubeide/plugins/com.st.stm32cube.ide.mcu.externaltools.gnu-tools-for-stm32.9-2020-q2-update.win32_2.0.0.202105311346/tools/bin/../lib/gcc/arm-none-eabi/9.3.1/../../../../arm-none-eabi/lib/thumb/v7-m/nofp\libc_nano.a(lib_a-findfp.o)
                0x000000000800396c                __sf_fake_stdout
 .rodata._vfprintf_r.str1.1
                0x000000000800398c       0x11 c:/st/stm32cubeide_1.7.0/stm32cubeide/plugins/com.st.stm32cube.ide.mcu.externaltools.gnu-tools-for-stm32.9-2020-q2-update.win32_2.0.0.202105311346/tools/bin/../lib/gcc/arm-none-eabi/9.3.1/../../../../arm-none-eabi/lib/thumb/v7-m/nofp\libc_nano.a(lib_a-nano-vfprintf.o)
 .rodata._printf_i.str1.1
                0x000000000800399d       0x22 c:/st/stm32cubeide_1.7.0/stm32cubeide/plugins/com.st.stm32cube.ide.mcu.externaltools.gnu-tools-for-stm32.9-2020-q2-update.win32_2.0.0.202105311346/tools/bin/../lib/gcc/arm-none-eabi/9.3.1/../../../../arm-none-eabi/lib/thumb/v7-m/nofp\libc_nano.a(lib_a-nano-vfprintf_i.o)
                0x00000000080039c0                . = ALIGN (0x4)
 *fill*         0x00000000080039bf        0x1 

.rel.dyn        0x00000000080039c0        0x0
 .rel.iplt      0x00000000080039c0        0x0 c:/st/stm32cubeide_1.7.0/stm32cubeide/plugins/com.st.stm32cube.ide.mcu.externaltools.gnu-tools-for-stm32.9-2020-q2-update.win32_2.0.0.202105311346/tools/bin/../lib/gcc/arm-none-eabi/9.3.1/thumb/v7-m/nofp/crtbegin.o

.ARM.extab      0x00000000080039c0        0x0
                0x00000000080039c0                . = ALIGN (0x4)
 *(.ARM.extab* .gnu.linkonce.armextab.*)
                0x00000000080039c0                . = ALIGN (0x4)

.ARM            0x00000000080039c0        0x0
                0x00000000080039c0                . = ALIGN (0x4)
                0x00000000080039c0                __exidx_start = .
 *(.ARM.exidx*)
                0x00000000080039c0                __exidx_end = .
                0x00000000080039c0                . = ALIGN (0x4)

.preinit_array  0x00000000080039c0        0x0
                0x00000000080039c0                . = ALIGN (0x4)
                0x00000000080039c0                PROVIDE (__preinit_array_start = .)
 *(.preinit_array*)
                0x00000000080039c0                PROVIDE (__preinit_array_end = .)
                0x00000000080039c0                . = ALIGN (0x4)

.init_array     0x00000000080039c0        0x4
                0x00000000080039c0                . = ALIGN (0x4)
                0x00000000080039c0                PROVIDE (__init_array_start = .)
 *(SORT_BY_NAME(.init_array.*))
 *(.init_array*)
 .init_array    0x00000000080039c0        0x4 c:/st/stm32cubeide_1.7.0/stm32cubeide/plugins/com.st.stm32cube.ide.mcu.externaltools.gnu-tools-for-stm32.9-2020-q2-update.win32_2.0.0.202105311346/tools/bin/../lib/gcc/arm-none-eabi/9.3.1/thumb/v7-m/nofp/crtbegin.o
                0x00000000080039c4                PROVIDE (__init_array_end = .)
                0x00000000080039c4                . = ALIGN (0x4)

.fini_array     0x00000000080039c4        0x4
                0x00000000080039c4                . = ALIGN (0x4)
                [!provide]                        PROVIDE (__fini_array_start = .)
 *(SORT_BY_NAME(.fini_array.*))
 *(.fini_array*)
 .fini_array    0x00000000080039c4        0x4 c:/st/stm32cubeide_1.7.0/stm32cubeide/plugins/com.st.stm32cube.ide.mcu.externaltools.gnu-tools-for-stm32.9-2020-q2-update.win32_2.0.0.202105311346/tools/bin/../lib/gcc/arm-none-eabi/9.3.1/thumb/v7-m/nofp/crtbegin.o
                [!provide]                        PROVIDE (__fini_array_end = .)
                0x00000000080039c8                . = ALIGN (0x4)
                0x00000000080039c8                _sidata = LOADADDR (.data)

.data           0x0000000020000000       0x70 load address 0x00000000080039c8
                0x0000000020000000                . = ALIGN (0x4)
                0x0000000020000000                _sdata = .
 *(.data)
 *(.data*)
 .data.SystemCoreClock
                0x0000000020000000        0x4 ./Core/Src/system_stm32f1xx.o
                0x0000000020000000                SystemCoreClock
 .data.uwTickPrio
                0x0000000020000004        0x4 ./Drivers/STM32F1xx_HAL_Driver/Src/stm32f1xx_hal.o
                0x0000000020000004                uwTickPrio
 .data.uwTickFreq
                0x0000000020000008        0x1 ./Drivers/STM32F1xx_HAL_Driver/Src/stm32f1xx_hal.o
                0x0000000020000008                uwTickFreq
 *fill*         0x0000000020000009        0x3 
 .data._impure_ptr
                0x000000002000000c        0x4 c:/st/stm32cubeide_1.7.0/stm32cubeide/plugins/com.st.stm32cube.ide.mcu.externaltools.gnu-tools-for-stm32.9-2020-q2-update.win32_2.0.0.202105311346/tools/bin/../lib/gcc/arm-none-eabi/9.3.1/../../../../arm-none-eabi/lib/thumb/v7-m/nofp\libc_nano.a(lib_a-impure.o)
                0x000000002000000c                _impure_ptr
 .data.impure_data
                0x0000000020000010       0x60 c:/st/stm32cubeide_1.7.0/stm32cubeide/plugins/com.st.stm32cube.ide.mcu.externaltools.gnu-tools-for-stm32.9-2020-q2-update.win32_2.0.0.202105311346/tools/bin/../lib/gcc/arm-none-eabi/9.3.1/../../../../arm-none-eabi/lib/thumb/v7-m/nofp\libc_nano.a(lib_a-impure.o)
 *(.RamFunc)
 *(.RamFunc*)
                0x0000000020000070                . = ALIGN (0x4)
                0x0000000020000070                _edata = .

.igot.plt       0x0000000020000070        0x0 load address 0x0000000008003a38
 .igot.plt      0x0000000020000070        0x0 c:/st/stm32cubeide_1.7.0/stm32cubeide/plugins/com.st.stm32cube.ide.mcu.externaltools.gnu-tools-for-stm32.9-2020-q2-update.win32_2.0.0.202105311346/tools/bin/../lib/gcc/arm-none-eabi/9.3.1/thumb/v7-m/nofp/crtbegin.o
                0x0000000020000070                . = ALIGN (0x4)

.bss            0x0000000020000070      0x450 load address 0x0000000008003a38
                0x0000000020000070                _sbss = .
                0x0000000020000070                __bss_start__ = _sbss
 *(.bss)
 .bss           0x0000000020000070       0x1c c:/st/stm32cubeide_1.7.0/stm32cubeide/plugins/com.st.stm32cube.ide.mcu.externaltools.gnu-tools-for-stm32.9-2020-q2-update.win32_2.0.0.202105311346/tools/bin/../lib/gcc/arm-none-eabi/9.3.1/thumb/v7-m/nofp/crtbegin.o
 *(.bss*)
 .bss.timestamp
                0x000000002000008c        0x4 ./Core/Src/global.o
                0x000000002000008c                timestamp
 .bss.min_index
                0x0000000020000090        0x4 ./Core/Src/global.o
                0x0000000020000090                min_index
 .bss.min_delay
                0x0000000020000094        0x4 ./Core/Src/global.o
                0x0000000020000094                min_delay
 .bss.current_index_task
                0x0000000020000098        0x4 ./Core/Src/scheduler.o
                0x0000000020000098                current_index_task
 .bss.Error_code_G
                0x000000002000009c        0x4 ./Core/Src/scheduler.o
                0x000000002000009c                Error_code_G
 .bss.__sbrk_heap_end
                0x00000000200000a0        0x4 ./Core/Src/sysmem.o
 .bss.__malloc_free_list
                0x00000000200000a4        0x4 c:/st/stm32cubeide_1.7.0/stm32cubeide/plugins/com.st.stm32cube.ide.mcu.externaltools.gnu-tools-for-stm32.9-2020-q2-update.win32_2.0.0.202105311346/tools/bin/../lib/gcc/arm-none-eabi/9.3.1/../../../../arm-none-eabi/lib/thumb/v7-m/nofp\libc_nano.a(lib_a-nano-mallocr.o)
                0x00000000200000a4                __malloc_free_list
 .bss.__malloc_sbrk_start
                0x00000000200000a8        0x4 c:/st/stm32cubeide_1.7.0/stm32cubeide/plugins/com.st.stm32cube.ide.mcu.externaltools.gnu-tools-for-stm32.9-2020-q2-update.win32_2.0.0.202105311346/tools/bin/../lib/gcc/arm-none-eabi/9.3.1/../../../../arm-none-eabi/lib/thumb/v7-m/nofp\libc_nano.a(lib_a-nano-mallocr.o)
                0x00000000200000a8                __malloc_sbrk_start
 *(COMMON)
 COMMON         0x00000000200000ac       0xe0 ./Core/Src/main.o
                0x00000000200000ac                hiwdg
                0x00000000200000b8                htim3
                0x0000000020000100                huart1
                0x0000000020000144                htim2
 COMMON         0x000000002000018c      0x320 ./Core/Src/scheduler.o
                0x000000002000018c                SCH_tasks_G
 COMMON         0x00000000200004ac        0x4 ./Drivers/STM32F1xx_HAL_Driver/Src/stm32f1xx_hal.o
                0x00000000200004ac                uwTick
 COMMON         0x00000000200004b0        0x9 c:/st/stm32cubeide_1.7.0/stm32cubeide/plugins/com.st.stm32cube.ide.mcu.externaltools.gnu-tools-for-stm32.9-2020-q2-update.win32_2.0.0.202105311346/tools/bin/../lib/gcc/arm-none-eabi/9.3.1/../../../../arm-none-eabi/lib/thumb/v7-m/nofp\libc_nano.a(lib_a-lock.o)
                0x00000000200004b0                __lock___atexit_recursive_mutex
                0x00000000200004b1                __lock___arc4random_mutex
                0x00000000200004b2                __lock___env_recursive_mutex
                0x00000000200004b3                __lock___sinit_recursive_mutex
                0x00000000200004b4                __lock___malloc_recursive_mutex
                0x00000000200004b5                __lock___at_quick_exit_mutex
                0x00000000200004b6                __lock___dd_hash_mutex
                0x00000000200004b7                __lock___tz_mutex
                0x00000000200004b8                __lock___sfp_recursive_mutex
 *fill*         0x00000000200004b9        0x3 
 COMMON         0x00000000200004bc        0x4 c:/st/stm32cubeide_1.7.0/stm32cubeide/plugins/com.st.stm32cube.ide.mcu.externaltools.gnu-tools-for-stm32.9-2020-q2-update.win32_2.0.0.202105311346/tools/bin/../lib/gcc/arm-none-eabi/9.3.1/../../../../arm-none-eabi/lib/thumb/v7-m/nofp\libc_nano.a(lib_a-reent.o)
                0x00000000200004bc                errno
                0x00000000200004c0                . = ALIGN (0x4)
                0x00000000200004c0                _ebss = .
                0x00000000200004c0                __bss_end__ = _ebss

._user_heap_stack
                0x00000000200004c0      0x600 load address 0x0000000008003a38
                0x00000000200004c0                . = ALIGN (0x8)
                [!provide]                        PROVIDE (end = .)
                0x00000000200004c0                PROVIDE (_end = .)
                0x00000000200006c0                . = (. + _Min_Heap_Size)
 *fill*         0x00000000200004c0      0x200 
                0x0000000020000ac0                . = (. + _Min_Stack_Size)
 *fill*         0x00000000200006c0      0x400 
                0x0000000020000ac0                . = ALIGN (0x8)

/DISCARD/
 libc.a(*)
 libm.a(*)
 libgcc.a(*)

.ARM.attributes
                0x0000000000000000       0x29
 *(.ARM.attributes)
 .ARM.attributes
                0x0000000000000000       0x1d c:/st/stm32cubeide_1.7.0/stm32cubeide/plugins/com.st.stm32cube.ide.mcu.externaltools.gnu-tools-for-stm32.9-2020-q2-update.win32_2.0.0.202105311346/tools/bin/../lib/gcc/arm-none-eabi/9.3.1/thumb/v7-m/nofp/crti.o
 .ARM.attributes
                0x000000000000001d       0x2d c:/st/stm32cubeide_1.7.0/stm32cubeide/plugins/com.st.stm32cube.ide.mcu.externaltools.gnu-tools-for-stm32.9-2020-q2-update.win32_2.0.0.202105311346/tools/bin/../lib/gcc/arm-none-eabi/9.3.1/thumb/v7-m/nofp/crtbegin.o
 .ARM.attributes
                0x000000000000004a       0x33 ./Core/Src/global.o
 .ARM.attributes
                0x000000000000007d       0x2d ./Core/Src/main.o
 .ARM.attributes
                0x00000000000000aa       0x2d ./Core/Src/scheduler.o
 .ARM.attributes
                0x00000000000000d7       0x2d ./Core/Src/stm32f1xx_hal_msp.o
 .ARM.attributes
                0x0000000000000104       0x2d ./Core/Src/stm32f1xx_it.o
 .ARM.attributes
                0x0000000000000131       0x2d ./Core/Src/syscalls.o
 .ARM.attributes
                0x000000000000015e       0x2d ./Core/Src/sysmem.o
 .ARM.attributes
                0x000000000000018b       0x2d ./Core/Src/system_stm32f1xx.o
 .ARM.attributes
                0x00000000000001b8       0x2d ./Core/Src/task.o
 .ARM.attributes
                0x00000000000001e5       0x2d ./Core/Src/uart_msg.o
 .ARM.attributes
                0x0000000000000212       0x2d ./Core/Src/watchdog.o
 .ARM.attributes
                0x000000000000023f       0x21 ./Core/Startup/startup_stm32f103c6ux.o
 .ARM.attributes
                0x0000000000000260       0x2d ./Drivers/STM32F1xx_HAL_Driver/Src/stm32f1xx_hal.o
 .ARM.attributes
                0x000000000000028d       0x2d ./Drivers/STM32F1xx_HAL_Driver/Src/stm32f1xx_hal_cortex.o
 .ARM.attributes
                0x00000000000002ba       0x2d ./Drivers/STM32F1xx_HAL_Driver/Src/stm32f1xx_hal_gpio.o
 .ARM.attributes
                0x00000000000002e7       0x2d ./Drivers/STM32F1xx_HAL_Driver/Src/stm32f1xx_hal_iwdg.o
 .ARM.attributes
                0x0000000000000314       0x2d ./Drivers/STM32F1xx_HAL_Driver/Src/stm32f1xx_hal_pwr.o
 .ARM.attributes
                0x0000000000000341       0x2d ./Drivers/STM32F1xx_HAL_Driver/Src/stm32f1xx_hal_rcc.o
 .ARM.attributes
                0x000000000000036e       0x2d ./Drivers/STM32F1xx_HAL_Driver/Src/stm32f1xx_hal_tim.o
 .ARM.attributes
                0x000000000000039b       0x2d ./Drivers/STM32F1xx_HAL_Driver/Src/stm32f1xx_hal_tim_ex.o
 .ARM.attributes
                0x00000000000003c8       0x2d ./Drivers/STM32F1xx_HAL_Driver/Src/stm32f1xx_hal_uart.o
 .ARM.attributes
                0x00000000000003f5       0x2d c:/st/stm32cubeide_1.7.0/stm32cubeide/plugins/com.st.stm32cube.ide.mcu.externaltools.gnu-tools-for-stm32.9-2020-q2-update.win32_2.0.0.202105311346/tools/bin/../lib/gcc/arm-none-eabi/9.3.1/../../../../arm-none-eabi/lib/thumb/v7-m/nofp\libc_nano.a(lib_a-errno.o)
 .ARM.attributes
                0x0000000000000422       0x2d c:/st/stm32cubeide_1.7.0/stm32cubeide/plugins/com.st.stm32cube.ide.mcu.externaltools.gnu-tools-for-stm32.9-2020-q2-update.win32_2.0.0.202105311346/tools/bin/../lib/gcc/arm-none-eabi/9.3.1/../../../../arm-none-eabi/lib/thumb/v7-m/nofp\libc_nano.a(lib_a-impure.o)
 .ARM.attributes
                0x000000000000044f       0x2d c:/st/stm32cubeide_1.7.0/stm32cubeide/plugins/com.st.stm32cube.ide.mcu.externaltools.gnu-tools-for-stm32.9-2020-q2-update.win32_2.0.0.202105311346/tools/bin/../lib/gcc/arm-none-eabi/9.3.1/../../../../arm-none-eabi/lib/thumb/v7-m/nofp\libc_nano.a(lib_a-init.o)
 .ARM.attributes
                0x000000000000047c       0x2d c:/st/stm32cubeide_1.7.0/stm32cubeide/plugins/com.st.stm32cube.ide.mcu.externaltools.gnu-tools-for-stm32.9-2020-q2-update.win32_2.0.0.202105311346/tools/bin/../lib/gcc/arm-none-eabi/9.3.1/../../../../arm-none-eabi/lib/thumb/v7-m/nofp\libc_nano.a(lib_a-memset.o)
 .ARM.attributes
                0x00000000000004a9       0x2d c:/st/stm32cubeide_1.7.0/stm32cubeide/plugins/com.st.stm32cube.ide.mcu.externaltools.gnu-tools-for-stm32.9-2020-q2-update.win32_2.0.0.202105311346/tools/bin/../lib/gcc/arm-none-eabi/9.3.1/../../../../arm-none-eabi/lib/thumb/v7-m/nofp\libc_nano.a(lib_a-printf.o)
 .ARM.attributes
                0x00000000000004d6       0x2d c:/st/stm32cubeide_1.7.0/stm32cubeide/plugins/com.st.stm32cube.ide.mcu.externaltools.gnu-tools-for-stm32.9-2020-q2-update.win32_2.0.0.202105311346/tools/bin/../lib/gcc/arm-none-eabi/9.3.1/../../../../arm-none-eabi/lib/thumb/v7-m/nofp\libc_nano.a(lib_a-findfp.o)
 .ARM.attributes
                0x0000000000000503       0x2d c:/st/stm32cubeide_1.7.0/stm32cubeide/plugins/com.st.stm32cube.ide.mcu.externaltools.gnu-tools-for-stm32.9-2020-q2-update.win32_2.0.0.202105311346/tools/bin/../lib/gcc/arm-none-eabi/9.3.1/../../../../arm-none-eabi/lib/thumb/v7-m/nofp\libc_nano.a(lib_a-fwalk.o)
 .ARM.attributes
                0x0000000000000530       0x2d c:/st/stm32cubeide_1.7.0/stm32cubeide/plugins/com.st.stm32cube.ide.mcu.externaltools.gnu-tools-for-stm32.9-2020-q2-update.win32_2.0.0.202105311346/tools/bin/../lib/gcc/arm-none-eabi/9.3.1/../../../../arm-none-eabi/lib/thumb/v7-m/nofp\libc_nano.a(lib_a-lock.o)
 .ARM.attributes
                0x000000000000055d       0x2d c:/st/stm32cubeide_1.7.0/stm32cubeide/plugins/com.st.stm32cube.ide.mcu.externaltools.gnu-tools-for-stm32.9-2020-q2-update.win32_2.0.0.202105311346/tools/bin/../lib/gcc/arm-none-eabi/9.3.1/../../../../arm-none-eabi/lib/thumb/v7-m/nofp\libc_nano.a(lib_a-nano-mallocr.o)
 .ARM.attributes
                0x000000000000058a       0x2d c:/st/stm32cubeide_1.7.0/stm32cubeide/plugins/com.st.stm32cube.ide.mcu.externaltools.gnu-tools-for-stm32.9-2020-q2-update.win32_2.0.0.202105311346/tools/bin/../lib/gcc/arm-none-eabi/9.3.1/../../../../arm-none-eabi/lib/thumb/v7-m/nofp\libc_nano.a(lib_a-nano-vfprintf.o)
 .ARM.attributes
                0x00000000000005b7       0x2d c:/st/stm32cubeide_1.7.0/stm32cubeide/plugins/com.st.stm32cube.ide.mcu.externaltools.gnu-tools-for-stm32.9-2020-q2-update.win32_2.0.0.202105311346/tools/bin/../lib/gcc/arm-none-eabi/9.3.1/../../../../arm-none-eabi/lib/thumb/v7-m/nofp\libc_nano.a(lib_a-nano-vfprintf_i.o)
 .ARM.attributes
                0x00000000000005e4       0x2d c:/st/stm32cubeide_1.7.0/stm32cubeide/plugins/com.st.stm32cube.ide.mcu.externaltools.gnu-tools-for-stm32.9-2020-q2-update.win32_2.0.0.202105311346/tools/bin/../lib/gcc/arm-none-eabi/9.3.1/../../../../arm-none-eabi/lib/thumb/v7-m/nofp\libc_nano.a(lib_a-sbrkr.o)
 .ARM.attributes
                0x0000000000000611       0x2d c:/st/stm32cubeide_1.7.0/stm32cubeide/plugins/com.st.stm32cube.ide.mcu.externaltools.gnu-tools-for-stm32.9-2020-q2-update.win32_2.0.0.202105311346/tools/bin/../lib/gcc/arm-none-eabi/9.3.1/../../../../arm-none-eabi/lib/thumb/v7-m/nofp\libc_nano.a(lib_a-stdio.o)
 .ARM.attributes
                0x000000000000063e       0x2d c:/st/stm32cubeide_1.7.0/stm32cubeide/plugins/com.st.stm32cube.ide.mcu.externaltools.gnu-tools-for-stm32.9-2020-q2-update.win32_2.0.0.202105311346/tools/bin/../lib/gcc/arm-none-eabi/9.3.1/../../../../arm-none-eabi/lib/thumb/v7-m/nofp\libc_nano.a(lib_a-wbuf.o)
 .ARM.attributes
                0x000000000000066b       0x2d c:/st/stm32cubeide_1.7.0/stm32cubeide/plugins/com.st.stm32cube.ide.mcu.externaltools.gnu-tools-for-stm32.9-2020-q2-update.win32_2.0.0.202105311346/tools/bin/../lib/gcc/arm-none-eabi/9.3.1/../../../../arm-none-eabi/lib/thumb/v7-m/nofp\libc_nano.a(lib_a-writer.o)
 .ARM.attributes
                0x0000000000000698       0x2d c:/st/stm32cubeide_1.7.0/stm32cubeide/plugins/com.st.stm32cube.ide.mcu.externaltools.gnu-tools-for-stm32.9-2020-q2-update.win32_2.0.0.202105311346/tools/bin/../lib/gcc/arm-none-eabi/9.3.1/../../../../arm-none-eabi/lib/thumb/v7-m/nofp\libc_nano.a(lib_a-wsetup.o)
 .ARM.attributes
                0x00000000000006c5       0x2d c:/st/stm32cubeide_1.7.0/stm32cubeide/plugins/com.st.stm32cube.ide.mcu.externaltools.gnu-tools-for-stm32.9-2020-q2-update.win32_2.0.0.202105311346/tools/bin/../lib/gcc/arm-none-eabi/9.3.1/../../../../arm-none-eabi/lib/thumb/v7-m/nofp\libc_nano.a(lib_a-closer.o)
 .ARM.attributes
                0x00000000000006f2       0x2d c:/st/stm32cubeide_1.7.0/stm32cubeide/plugins/com.st.stm32cube.ide.mcu.externaltools.gnu-tools-for-stm32.9-2020-q2-update.win32_2.0.0.202105311346/tools/bin/../lib/gcc/arm-none-eabi/9.3.1/../../../../arm-none-eabi/lib/thumb/v7-m/nofp\libc_nano.a(lib_a-fflush.o)
 .ARM.attributes
                0x000000000000071f       0x2d c:/st/stm32cubeide_1.7.0/stm32cubeide/plugins/com.st.stm32cube.ide.mcu.externaltools.gnu-tools-for-stm32.9-2020-q2-update.win32_2.0.0.202105311346/tools/bin/../lib/gcc/arm-none-eabi/9.3.1/../../../../arm-none-eabi/lib/thumb/v7-m/nofp\libc_nano.a(lib_a-lseekr.o)
 .ARM.attributes
                0x000000000000074c       0x2d c:/st/stm32cubeide_1.7.0/stm32cubeide/plugins/com.st.stm32cube.ide.mcu.externaltools.gnu-tools-for-stm32.9-2020-q2-update.win32_2.0.0.202105311346/tools/bin/../lib/gcc/arm-none-eabi/9.3.1/../../../../arm-none-eabi/lib/thumb/v7-m/nofp\libc_nano.a(lib_a-makebuf.o)
 .ARM.attributes
                0x0000000000000779       0x2d c:/st/stm32cubeide_1.7.0/stm32cubeide/plugins/com.st.stm32cube.ide.mcu.externaltools.gnu-tools-for-stm32.9-2020-q2-update.win32_2.0.0.202105311346/tools/bin/../lib/gcc/arm-none-eabi/9.3.1/../../../../arm-none-eabi/lib/thumb/v7-m/nofp\libc_nano.a(lib_a-memchr-stub.o)
 .ARM.attributes
                0x00000000000007a6       0x2d c:/st/stm32cubeide_1.7.0/stm32cubeide/plugins/com.st.stm32cube.ide.mcu.externaltools.gnu-tools-for-stm32.9-2020-q2-update.win32_2.0.0.202105311346/tools/bin/../lib/gcc/arm-none-eabi/9.3.1/../../../../arm-none-eabi/lib/thumb/v7-m/nofp\libc_nano.a(lib_a-mlock.o)
 .ARM.attributes
                0x00000000000007d3       0x2d c:/st/stm32cubeide_1.7.0/stm32cubeide/plugins/com.st.stm32cube.ide.mcu.externaltools.gnu-tools-for-stm32.9-2020-q2-update.win32_2.0.0.202105311346/tools/bin/../lib/gcc/arm-none-eabi/9.3.1/../../../../arm-none-eabi/lib/thumb/v7-m/nofp\libc_nano.a(lib_a-nano-freer.o)
 .ARM.attributes
                0x0000000000000800       0x2d c:/st/stm32cubeide_1.7.0/stm32cubeide/plugins/com.st.stm32cube.ide.mcu.externaltools.gnu-tools-for-stm32.9-2020-q2-update.win32_2.0.0.202105311346/tools/bin/../lib/gcc/arm-none-eabi/9.3.1/../../../../arm-none-eabi/lib/thumb/v7-m/nofp\libc_nano.a(lib_a-readr.o)
 .ARM.attributes
                0x000000000000082d       0x2d c:/st/stm32cubeide_1.7.0/stm32cubeide/plugins/com.st.stm32cube.ide.mcu.externaltools.gnu-tools-for-stm32.9-2020-q2-update.win32_2.0.0.202105311346/tools/bin/../lib/gcc/arm-none-eabi/9.3.1/../../../../arm-none-eabi/lib/thumb/v7-m/nofp\libc_nano.a(lib_a-reent.o)
 .ARM.attributes
                0x000000000000085a       0x2d c:/st/stm32cubeide_1.7.0/stm32cubeide/plugins/com.st.stm32cube.ide.mcu.externaltools.gnu-tools-for-stm32.9-2020-q2-update.win32_2.0.0.202105311346/tools/bin/../lib/gcc/arm-none-eabi/9.3.1/../../../../arm-none-eabi/lib/thumb/v7-m/nofp\libc_nano.a(lib_a-fstatr.o)
 .ARM.attributes
                0x0000000000000887       0x2d c:/st/stm32cubeide_1.7.0/stm32cubeide/plugins/com.st.stm32cube.ide.mcu.externaltools.gnu-tools-for-stm32.9-2020-q2-update.win32_2.0.0.202105311346/tools/bin/../lib/gcc/arm-none-eabi/9.3.1/../../../../arm-none-eabi/lib/thumb/v7-m/nofp\libc_nano.a(lib_a-isattyr.o)
 .ARM.attributes
                0x00000000000008b4       0x1d c:/st/stm32cubeide_1.7.0/stm32cubeide/plugins/com.st.stm32cube.ide.mcu.externaltools.gnu-tools-for-stm32.9-2020-q2-update.win32_2.0.0.202105311346/tools/bin/../lib/gcc/arm-none-eabi/9.3.1/thumb/v7-m/nofp/crtn.o
OUTPUT(mcu_lab4.elf elf32-littlearm)
LOAD linker stubs
LOAD c:/st/stm32cubeide_1.7.0/stm32cubeide/plugins/com.st.stm32cube.ide.mcu.externaltools.gnu-tools-for-stm32.9-2020-q2-update.win32_2.0.0.202105311346/tools/bin/../lib/gcc/arm-none-eabi/9.3.1/../../../../arm-none-eabi/lib/thumb/v7-m/nofp\libc.a
LOAD c:/st/stm32cubeide_1.7.0/stm32cubeide/plugins/com.st.stm32cube.ide.mcu.externaltools.gnu-tools-for-stm32.9-2020-q2-update.win32_2.0.0.202105311346/tools/bin/../lib/gcc/arm-none-eabi/9.3.1/../../../../arm-none-eabi/lib/thumb/v7-m/nofp\libm.a
LOAD c:/st/stm32cubeide_1.7.0/stm32cubeide/plugins/com.st.stm32cube.ide.mcu.externaltools.gnu-tools-for-stm32.9-2020-q2-update.win32_2.0.0.202105311346/tools/bin/../lib/gcc/arm-none-eabi/9.3.1/thumb/v7-m/nofp\libgcc.a

.debug_info     0x0000000000000000     0xee0e
 .debug_info    0x0000000000000000       0x77 ./Core/Src/global.o
 .debug_info    0x0000000000000077     0x1943 ./Core/Src/main.o
 .debug_info    0x00000000000019ba      0xbd9 ./Core/Src/scheduler.o
 .debug_info    0x0000000000002593      0xdcc ./Core/Src/stm32f1xx_hal_msp.o
 .debug_info    0x000000000000335f      0x7fc ./Core/Src/stm32f1xx_it.o
 .debug_info    0x0000000000003b5b      0xfa8 ./Core/Src/syscalls.o
 .debug_info    0x0000000000004b03      0xa25 ./Core/Src/sysmem.o
 .debug_info    0x0000000000005528      0x2be ./Core/Src/system_stm32f1xx.o
 .debug_info    0x00000000000057e6      0xb32 ./Core/Src/task.o
 .debug_info    0x0000000000006318      0x661 ./Core/Src/uart_msg.o
 .debug_info    0x0000000000006979      0x2ab ./Core/Src/watchdog.o
 .debug_info    0x0000000000006c24       0x22 ./Core/Startup/startup_stm32f103c6ux.o
 .debug_info    0x0000000000006c46      0x74c ./Drivers/STM32F1xx_HAL_Driver/Src/stm32f1xx_hal.o
 .debug_info    0x0000000000007392      0xbbe ./Drivers/STM32F1xx_HAL_Driver/Src/stm32f1xx_hal_cortex.o
 .debug_info    0x0000000000007f50      0x701 ./Drivers/STM32F1xx_HAL_Driver/Src/stm32f1xx_hal_gpio.o
 .debug_info    0x0000000000008651      0x2cb ./Drivers/STM32F1xx_HAL_Driver/Src/stm32f1xx_hal_iwdg.o
 .debug_info    0x000000000000891c      0x730 ./Drivers/STM32F1xx_HAL_Driver/Src/stm32f1xx_hal_pwr.o
 .debug_info    0x000000000000904c      0x88e ./Drivers/STM32F1xx_HAL_Driver/Src/stm32f1xx_hal_rcc.o
 .debug_info    0x00000000000098da     0x2a45 ./Drivers/STM32F1xx_HAL_Driver/Src/stm32f1xx_hal_tim.o
 .debug_info    0x000000000000c31f     0x14d5 ./Drivers/STM32F1xx_HAL_Driver/Src/stm32f1xx_hal_tim_ex.o
 .debug_info    0x000000000000d7f4     0x161a ./Drivers/STM32F1xx_HAL_Driver/Src/stm32f1xx_hal_uart.o

.debug_abbrev   0x0000000000000000     0x2789
 .debug_abbrev  0x0000000000000000       0x40 ./Core/Src/global.o
 .debug_abbrev  0x0000000000000040      0x33f ./Core/Src/main.o
 .debug_abbrev  0x000000000000037f      0x27d ./Core/Src/scheduler.o
 .debug_abbrev  0x00000000000005fc      0x1c8 ./Core/Src/stm32f1xx_hal_msp.o
 .debug_abbrev  0x00000000000007c4      0x176 ./Core/Src/stm32f1xx_it.o
 .debug_abbrev  0x000000000000093a      0x286 ./Core/Src/syscalls.o
 .debug_abbrev  0x0000000000000bc0      0x1bf ./Core/Src/sysmem.o
 .debug_abbrev  0x0000000000000d7f      0x14e ./Core/Src/system_stm32f1xx.o
 .debug_abbrev  0x0000000000000ecd      0x1c6 ./Core/Src/task.o
 .debug_abbrev  0x0000000000001093      0x16f ./Core/Src/uart_msg.o
 .debug_abbrev  0x0000000000001202      0x166 ./Core/Src/watchdog.o
 .debug_abbrev  0x0000000000001368       0x12 ./Core/Startup/startup_stm32f103c6ux.o
 .debug_abbrev  0x000000000000137a      0x1ed ./Drivers/STM32F1xx_HAL_Driver/Src/stm32f1xx_hal.o
 .debug_abbrev  0x0000000000001567      0x313 ./Drivers/STM32F1xx_HAL_Driver/Src/stm32f1xx_hal_cortex.o
 .debug_abbrev  0x000000000000187a      0x1e8 ./Drivers/STM32F1xx_HAL_Driver/Src/stm32f1xx_hal_gpio.o
 .debug_abbrev  0x0000000000001a62      0x152 ./Drivers/STM32F1xx_HAL_Driver/Src/stm32f1xx_hal_iwdg.o
 .debug_abbrev  0x0000000000001bb4      0x213 ./Drivers/STM32F1xx_HAL_Driver/Src/stm32f1xx_hal_pwr.o
 .debug_abbrev  0x0000000000001dc7      0x273 ./Drivers/STM32F1xx_HAL_Driver/Src/stm32f1xx_hal_rcc.o
 .debug_abbrev  0x000000000000203a      0x25e ./Drivers/STM32F1xx_HAL_Driver/Src/stm32f1xx_hal_tim.o
 .debug_abbrev  0x0000000000002298      0x266 ./Drivers/STM32F1xx_HAL_Driver/Src/stm32f1xx_hal_tim_ex.o
 .debug_abbrev  0x00000000000024fe      0x28b ./Drivers/STM32F1xx_HAL_Driver/Src/stm32f1xx_hal_uart.o

.debug_aranges  0x0000000000000000      0xe20
 .debug_aranges
                0x0000000000000000       0x18 ./Core/Src/global.o
 .debug_aranges
                0x0000000000000018       0x70 ./Core/Src/main.o
 .debug_aranges
                0x0000000000000088       0x60 ./Core/Src/scheduler.o
 .debug_aranges
                0x00000000000000e8       0x40 ./Core/Src/stm32f1xx_hal_msp.o
 .debug_aranges
                0x0000000000000128       0x78 ./Core/Src/stm32f1xx_it.o
 .debug_aranges
                0x00000000000001a0       0xa8 ./Core/Src/syscalls.o
 .debug_aranges
                0x0000000000000248       0x20 ./Core/Src/sysmem.o
 .debug_aranges
                0x0000000000000268       0x28 ./Core/Src/system_stm32f1xx.o
 .debug_aranges
                0x0000000000000290       0x40 ./Core/Src/task.o
 .debug_aranges
                0x00000000000002d0       0x20 ./Core/Src/uart_msg.o
 .debug_aranges
                0x00000000000002f0       0x38 ./Core/Src/watchdog.o
 .debug_aranges
                0x0000000000000328       0x28 ./Core/Startup/startup_stm32f103c6ux.o
 .debug_aranges
                0x0000000000000350       0xe0 ./Drivers/STM32F1xx_HAL_Driver/Src/stm32f1xx_hal.o
 .debug_aranges
                0x0000000000000430      0x100 ./Drivers/STM32F1xx_HAL_Driver/Src/stm32f1xx_hal_cortex.o
 .debug_aranges
                0x0000000000000530       0x58 ./Drivers/STM32F1xx_HAL_Driver/Src/stm32f1xx_hal_gpio.o
 .debug_aranges
                0x0000000000000588       0x28 ./Drivers/STM32F1xx_HAL_Driver/Src/stm32f1xx_hal_iwdg.o
 .debug_aranges
                0x00000000000005b0       0xa8 ./Drivers/STM32F1xx_HAL_Driver/Src/stm32f1xx_hal_pwr.o
 .debug_aranges
                0x0000000000000658       0x90 ./Drivers/STM32F1xx_HAL_Driver/Src/stm32f1xx_hal_rcc.o
 .debug_aranges
                0x00000000000006e8      0x3d0 ./Drivers/STM32F1xx_HAL_Driver/Src/stm32f1xx_hal_tim.o
 .debug_aranges
                0x0000000000000ab8      0x168 ./Drivers/STM32F1xx_HAL_Driver/Src/stm32f1xx_hal_tim_ex.o
 .debug_aranges
                0x0000000000000c20      0x200 ./Drivers/STM32F1xx_HAL_Driver/Src/stm32f1xx_hal_uart.o

.debug_macro    0x0000000000000000    0x19274
 .debug_macro   0x0000000000000000       0x1b ./Core/Src/global.o
 .debug_macro   0x000000000000001b      0xa9c ./Core/Src/global.o
 .debug_macro   0x0000000000000ab7      0x33b ./Core/Src/main.o
 .debug_macro   0x0000000000000df2      0x221 ./Core/Src/main.o
 .debug_macro   0x0000000000001013       0x2e ./Core/Src/main.o
 .debug_macro   0x0000000000001041       0x22 ./Core/Src/main.o
 .debug_macro   0x0000000000001063       0x22 ./Core/Src/main.o
 .debug_macro   0x0000000000001085       0x8e ./Core/Src/main.o
 .debug_macro   0x0000000000001113       0x51 ./Core/Src/main.o
 .debug_macro   0x0000000000001164      0x103 ./Core/Src/main.o
 .debug_macro   0x0000000000001267       0x6a ./Core/Src/main.o
 .debug_macro   0x00000000000012d1      0x1df ./Core/Src/main.o
 .debug_macro   0x00000000000014b0       0x1c ./Core/Src/main.o
 .debug_macro   0x00000000000014cc       0x22 ./Core/Src/main.o
 .debug_macro   0x00000000000014ee       0xc3 ./Core/Src/main.o
 .debug_macro   0x00000000000015b1      0xd23 ./Core/Src/main.o
 .debug_macro   0x00000000000022d4     0xde75 ./Core/Src/main.o
 .debug_macro   0x0000000000010149       0x6d ./Core/Src/main.o
 .debug_macro   0x00000000000101b6     0x3468 ./Core/Src/main.o
 .debug_macro   0x000000000001361e      0x174 ./Core/Src/main.o
 .debug_macro   0x0000000000013792       0x5c ./Core/Src/main.o
 .debug_macro   0x00000000000137ee      0x5be ./Core/Src/main.o
 .debug_macro   0x0000000000013dac      0x1b7 ./Core/Src/main.o
 .debug_macro   0x0000000000013f63      0x1cb ./Core/Src/main.o
 .debug_macro   0x000000000001412e      0x114 ./Core/Src/main.o
 .debug_macro   0x0000000000014242      0x1b2 ./Core/Src/main.o
 .debug_macro   0x00000000000143f4       0x27 ./Core/Src/main.o
 .debug_macro   0x000000000001441b      0x12f ./Core/Src/main.o
 .debug_macro   0x000000000001454a      0x1bc ./Core/Src/main.o
 .debug_macro   0x0000000000014706       0x34 ./Core/Src/main.o
 .debug_macro   0x000000000001473a       0x3c ./Core/Src/main.o
 .debug_macro   0x0000000000014776       0x57 ./Core/Src/main.o
 .debug_macro   0x00000000000147cd       0x88 ./Core/Src/main.o
 .debug_macro   0x0000000000014855      0x183 ./Core/Src/main.o
 .debug_macro   0x00000000000149d8       0x78 ./Core/Src/main.o
 .debug_macro   0x0000000000014a50      0x141 ./Core/Src/main.o
 .debug_macro   0x0000000000014b91      0x8d1 ./Core/Src/main.o
 .debug_macro   0x0000000000015462      0x279 ./Core/Src/main.o
 .debug_macro   0x00000000000156db       0x69 ./Core/Src/main.o
 .debug_macro   0x0000000000015744       0x1c ./Core/Src/main.o
 .debug_macro   0x0000000000015760       0x52 ./Core/Src/main.o
 .debug_macro   0x00000000000157b2       0x18 ./Core/Src/main.o
 .debug_macro   0x00000000000157ca       0x3c ./Core/Src/main.o
 .debug_macro   0x0000000000015806       0x34 ./Core/Src/main.o
 .debug_macro   0x000000000001583a       0x16 ./Core/Src/main.o
 .debug_macro   0x0000000000015850       0x35 ./Core/Src/main.o
 .debug_macro   0x0000000000015885      0x333 ./Core/Src/main.o
 .debug_macro   0x0000000000015bb8       0x10 ./Core/Src/main.o
 .debug_macro   0x0000000000015bc8       0x16 ./Core/Src/main.o
 .debug_macro   0x0000000000015bde       0x43 ./Core/Src/main.o
 .debug_macro   0x0000000000015c21       0x34 ./Core/Src/main.o
 .debug_macro   0x0000000000015c55       0x10 ./Core/Src/main.o
 .debug_macro   0x0000000000015c65       0x58 ./Core/Src/main.o
 .debug_macro   0x0000000000015cbd       0x71 ./Core/Src/main.o
 .debug_macro   0x0000000000015d2e       0x1c ./Core/Src/main.o
 .debug_macro   0x0000000000015d4a      0x12a ./Core/Src/main.o
 .debug_macro   0x0000000000015e74       0x10 ./Core/Src/main.o
 .debug_macro   0x0000000000015e84       0x1c ./Core/Src/main.o
 .debug_macro   0x0000000000015ea0       0x52 ./Core/Src/main.o
 .debug_macro   0x0000000000015ef2       0x22 ./Core/Src/main.o
 .debug_macro   0x0000000000015f14       0x10 ./Core/Src/main.o
 .debug_macro   0x0000000000015f24       0x40 ./Core/Src/main.o
 .debug_macro   0x0000000000015f64       0xd5 ./Core/Src/main.o
 .debug_macro   0x0000000000016039       0x1c ./Core/Src/main.o
 .debug_macro   0x0000000000016055       0x3d ./Core/Src/main.o
 .debug_macro   0x0000000000016092       0x16 ./Core/Src/main.o
 .debug_macro   0x00000000000160a8      0x145 ./Core/Src/main.o
 .debug_macro   0x00000000000161ed       0x28 ./Core/Src/main.o
 .debug_macro   0x0000000000016215      0x1e0 ./Core/Src/scheduler.o
 .debug_macro   0x00000000000163f5       0x22 ./Core/Src/scheduler.o
 .debug_macro   0x0000000000016417       0x97 ./Core/Src/scheduler.o
 .debug_macro   0x00000000000164ae      0x339 ./Core/Src/scheduler.o
 .debug_macro   0x00000000000167e7       0xfd ./Core/Src/scheduler.o
 .debug_macro   0x00000000000168e4      0x1bb ./Core/Src/stm32f1xx_hal_msp.o
 .debug_macro   0x0000000000016a9f      0x1c5 ./Core/Src/stm32f1xx_it.o
 .debug_macro   0x0000000000016c64      0x24c ./Core/Src/syscalls.o
 .debug_macro   0x0000000000016eb0       0x4c ./Core/Src/syscalls.o
 .debug_macro   0x0000000000016efc       0x94 ./Core/Src/syscalls.o
 .debug_macro   0x0000000000016f90       0x57 ./Core/Src/syscalls.o
 .debug_macro   0x0000000000016fe7       0x10 ./Core/Src/syscalls.o
 .debug_macro   0x0000000000016ff7       0x10 ./Core/Src/syscalls.o
 .debug_macro   0x0000000000017007       0x10 ./Core/Src/syscalls.o
 .debug_macro   0x0000000000017017       0x35 ./Core/Src/syscalls.o
 .debug_macro   0x000000000001704c      0x12c ./Core/Src/syscalls.o
 .debug_macro   0x0000000000017178       0x16 ./Core/Src/syscalls.o
 .debug_macro   0x000000000001718e       0x16 ./Core/Src/syscalls.o
 .debug_macro   0x00000000000171a4       0x29 ./Core/Src/syscalls.o
 .debug_macro   0x00000000000171cd       0x10 ./Core/Src/syscalls.o
 .debug_macro   0x00000000000171dd      0x241 ./Core/Src/syscalls.o
 .debug_macro   0x000000000001741e       0x1c ./Core/Src/syscalls.o
 .debug_macro   0x000000000001743a       0x10 ./Core/Src/syscalls.o
 .debug_macro   0x000000000001744a      0x189 ./Core/Src/syscalls.o
 .debug_macro   0x00000000000175d3       0x16 ./Core/Src/syscalls.o
 .debug_macro   0x00000000000175e9       0xce ./Core/Src/syscalls.o
 .debug_macro   0x00000000000176b7       0xff ./Core/Src/sysmem.o
 .debug_macro   0x00000000000177b6      0x23b ./Core/Src/sysmem.o
 .debug_macro   0x00000000000179f1      0x1ac ./Core/Src/system_stm32f1xx.o
 .debug_macro   0x0000000000017b9d      0x338 ./Core/Src/task.o
 .debug_macro   0x0000000000017ed5      0x1c5 ./Core/Src/uart_msg.o
 .debug_macro   0x000000000001809a      0x1bf ./Core/Src/watchdog.o
 .debug_macro   0x0000000000018259      0x1d0 ./Drivers/STM32F1xx_HAL_Driver/Src/stm32f1xx_hal.o
 .debug_macro   0x0000000000018429      0x1ac ./Drivers/STM32F1xx_HAL_Driver/Src/stm32f1xx_hal_cortex.o
 .debug_macro   0x00000000000185d5      0x217 ./Drivers/STM32F1xx_HAL_Driver/Src/stm32f1xx_hal_gpio.o
 .debug_macro   0x00000000000187ec      0x1b8 ./Drivers/STM32F1xx_HAL_Driver/Src/stm32f1xx_hal_iwdg.o
 .debug_macro   0x00000000000189a4      0x20c ./Drivers/STM32F1xx_HAL_Driver/Src/stm32f1xx_hal_pwr.o
 .debug_macro   0x0000000000018bb0      0x1be ./Drivers/STM32F1xx_HAL_Driver/Src/stm32f1xx_hal_rcc.o
 .debug_macro   0x0000000000018d6e      0x1ad ./Drivers/STM32F1xx_HAL_Driver/Src/stm32f1xx_hal_tim.o
 .debug_macro   0x0000000000018f1b      0x1ac ./Drivers/STM32F1xx_HAL_Driver/Src/stm32f1xx_hal_tim_ex.o
 .debug_macro   0x00000000000190c7      0x1ad ./Drivers/STM32F1xx_HAL_Driver/Src/stm32f1xx_hal_uart.o

.debug_line     0x0000000000000000     0xecf5
 .debug_line    0x0000000000000000       0x4d ./Core/Src/global.o
 .debug_line    0x000000000000004d      0xacb ./Core/Src/main.o
 .debug_line    0x0000000000000b18      0x7c3 ./Core/Src/scheduler.o
 .debug_line    0x00000000000012db      0x747 ./Core/Src/stm32f1xx_hal_msp.o
 .debug_line    0x0000000000001a22      0x79f ./Core/Src/stm32f1xx_it.o
 .debug_line    0x00000000000021c1      0x802 ./Core/Src/syscalls.o
 .debug_line    0x00000000000029c3      0x4f8 ./Core/Src/sysmem.o
 .debug_line    0x0000000000002ebb      0x713 ./Core/Src/system_stm32f1xx.o
 .debug_line    0x00000000000035ce      0x8ec ./Core/Src/task.o
 .debug_line    0x0000000000003eba      0x69b ./Core/Src/uart_msg.o
 .debug_line    0x0000000000004555      0x6e6 ./Core/Src/watchdog.o
 .debug_line    0x0000000000004c3b       0x87 ./Core/Startup/startup_stm32f103c6ux.o
 .debug_line    0x0000000000004cc2      0x940 ./Drivers/STM32F1xx_HAL_Driver/Src/stm32f1xx_hal.o
 .debug_line    0x0000000000005602      0xb28 ./Drivers/STM32F1xx_HAL_Driver/Src/stm32f1xx_hal_cortex.o
 .debug_line    0x000000000000612a      0x9c1 ./Drivers/STM32F1xx_HAL_Driver/Src/stm32f1xx_hal_gpio.o
 .debug_line    0x0000000000006aeb      0x70b ./Drivers/STM32F1xx_HAL_Driver/Src/stm32f1xx_hal_iwdg.o
 .debug_line    0x00000000000071f6      0x8c2 ./Drivers/STM32F1xx_HAL_Driver/Src/stm32f1xx_hal_pwr.o
 .debug_line    0x0000000000007ab8      0xd4e ./Drivers/STM32F1xx_HAL_Driver/Src/stm32f1xx_hal_rcc.o
 .debug_line    0x0000000000008806     0x329e ./Drivers/STM32F1xx_HAL_Driver/Src/stm32f1xx_hal_tim.o
 .debug_line    0x000000000000baa4     0x1836 ./Drivers/STM32F1xx_HAL_Driver/Src/stm32f1xx_hal_tim_ex.o
 .debug_line    0x000000000000d2da     0x1a1b ./Drivers/STM32F1xx_HAL_Driver/Src/stm32f1xx_hal_uart.o

.debug_str      0x0000000000000000    0x8a483
 .debug_str     0x0000000000000000     0x2d9e ./Core/Src/global.o
 .debug_str     0x0000000000002d9e    0x83114 ./Core/Src/main.o
                                      0x863c3 (size before relaxing)
 .debug_str     0x0000000000085eb2      0x136 ./Core/Src/scheduler.o
                                       0x82a1 (size before relaxing)
 .debug_str     0x0000000000085fe8       0xba ./Core/Src/stm32f1xx_hal_msp.o
                                      0x81fd6 (size before relaxing)
 .debug_str     0x00000000000860a2       0xee ./Core/Src/stm32f1xx_it.o
                                      0x81b1d (size before relaxing)
 .debug_str     0x0000000000086190     0x1757 ./Core/Src/syscalls.o
                                       0x8e88 (size before relaxing)
 .debug_str     0x00000000000878e7       0x6b ./Core/Src/sysmem.o
                                       0x625b (size before relaxing)
 .debug_str     0x0000000000087952       0x52 ./Core/Src/system_stm32f1xx.o
                                      0x81590 (size before relaxing)
 .debug_str     0x00000000000879a4       0x42 ./Core/Src/task.o
                                      0x856c5 (size before relaxing)
 .debug_str     0x00000000000879e6       0x17 ./Core/Src/uart_msg.o
                                      0x81956 (size before relaxing)
 .debug_str     0x00000000000879fd       0x67 ./Core/Src/watchdog.o
                                      0x8162a (size before relaxing)
 .debug_str     0x0000000000087a64       0x36 ./Core/Startup/startup_stm32f103c6ux.o
                                         0x6f (size before relaxing)
 .debug_str     0x0000000000087a9a      0x2ff ./Drivers/STM32F1xx_HAL_Driver/Src/stm32f1xx_hal.o
                                      0x81be7 (size before relaxing)
 .debug_str     0x0000000000087d99      0x300 ./Drivers/STM32F1xx_HAL_Driver/Src/stm32f1xx_hal_cortex.o
                                      0x81bef (size before relaxing)
 .debug_str     0x0000000000088099      0x304 ./Drivers/STM32F1xx_HAL_Driver/Src/stm32f1xx_hal_gpio.o
                                      0x81954 (size before relaxing)
 .debug_str     0x000000000008839d       0xf3 ./Drivers/STM32F1xx_HAL_Driver/Src/stm32f1xx_hal_iwdg.o
                                      0x81684 (size before relaxing)
 .debug_str     0x0000000000088490      0x507 ./Drivers/STM32F1xx_HAL_Driver/Src/stm32f1xx_hal_pwr.o
                                      0x81af3 (size before relaxing)
 .debug_str     0x0000000000088997      0x243 ./Drivers/STM32F1xx_HAL_Driver/Src/stm32f1xx_hal_rcc.o
                                      0x8198d (size before relaxing)
 .debug_str     0x0000000000088bda      0xdce ./Drivers/STM32F1xx_HAL_Driver/Src/stm32f1xx_hal_tim.o
                                      0x8295f (size before relaxing)
 .debug_str     0x00000000000899a8      0x4ee ./Drivers/STM32F1xx_HAL_Driver/Src/stm32f1xx_hal_tim_ex.o
                                      0x82110 (size before relaxing)
 .debug_str     0x0000000000089e96      0x5ed ./Drivers/STM32F1xx_HAL_Driver/Src/stm32f1xx_hal_uart.o
                                      0x81f7f (size before relaxing)

.comment        0x0000000000000000       0x53
 .comment       0x0000000000000000       0x53 ./Core/Src/global.o
                                         0x54 (size before relaxing)
 .comment       0x0000000000000053       0x54 ./Core/Src/main.o
 .comment       0x0000000000000053       0x54 ./Core/Src/scheduler.o
 .comment       0x0000000000000053       0x54 ./Core/Src/stm32f1xx_hal_msp.o
 .comment       0x0000000000000053       0x54 ./Core/Src/stm32f1xx_it.o
 .comment       0x0000000000000053       0x54 ./Core/Src/syscalls.o
 .comment       0x0000000000000053       0x54 ./Core/Src/sysmem.o
 .comment       0x0000000000000053       0x54 ./Core/Src/system_stm32f1xx.o
 .comment       0x0000000000000053       0x54 ./Core/Src/task.o
 .comment       0x0000000000000053       0x54 ./Core/Src/uart_msg.o
 .comment       0x0000000000000053       0x54 ./Core/Src/watchdog.o
 .comment       0x0000000000000053       0x54 ./Drivers/STM32F1xx_HAL_Driver/Src/stm32f1xx_hal.o
 .comment       0x0000000000000053       0x54 ./Drivers/STM32F1xx_HAL_Driver/Src/stm32f1xx_hal_cortex.o
 .comment       0x0000000000000053       0x54 ./Drivers/STM32F1xx_HAL_Driver/Src/stm32f1xx_hal_gpio.o
 .comment       0x0000000000000053       0x54 ./Drivers/STM32F1xx_HAL_Driver/Src/stm32f1xx_hal_iwdg.o
 .comment       0x0000000000000053       0x54 ./Drivers/STM32F1xx_HAL_Driver/Src/stm32f1xx_hal_pwr.o
 .comment       0x0000000000000053       0x54 ./Drivers/STM32F1xx_HAL_Driver/Src/stm32f1xx_hal_rcc.o
 .comment       0x0000000000000053       0x54 ./Drivers/STM32F1xx_HAL_Driver/Src/stm32f1xx_hal_tim.o
 .comment       0x0000000000000053       0x54 ./Drivers/STM32F1xx_HAL_Driver/Src/stm32f1xx_hal_tim_ex.o
 .comment       0x0000000000000053       0x54 ./Drivers/STM32F1xx_HAL_Driver/Src/stm32f1xx_hal_uart.o

.debug_ranges   0x0000000000000000      0xd00
 .debug_ranges  0x0000000000000000       0x60 ./Core/Src/main.o
 .debug_ranges  0x0000000000000060       0x50 ./Core/Src/scheduler.o
 .debug_ranges  0x00000000000000b0       0x30 ./Core/Src/stm32f1xx_hal_msp.o
 .debug_ranges  0x00000000000000e0       0x68 ./Core/Src/stm32f1xx_it.o
 .debug_ranges  0x0000000000000148       0x98 ./Core/Src/syscalls.o
 .debug_ranges  0x00000000000001e0       0x10 ./Core/Src/sysmem.o
 .debug_ranges  0x00000000000001f0       0x18 ./Core/Src/system_stm32f1xx.o
 .debug_ranges  0x0000000000000208       0x30 ./Core/Src/task.o
 .debug_ranges  0x0000000000000238       0x10 ./Core/Src/uart_msg.o
 .debug_ranges  0x0000000000000248       0x28 ./Core/Src/watchdog.o
 .debug_ranges  0x0000000000000270       0x20 ./Core/Startup/startup_stm32f103c6ux.o
 .debug_ranges  0x0000000000000290       0xd0 ./Drivers/STM32F1xx_HAL_Driver/Src/stm32f1xx_hal.o
 .debug_ranges  0x0000000000000360       0xf0 ./Drivers/STM32F1xx_HAL_Driver/Src/stm32f1xx_hal_cortex.o
 .debug_ranges  0x0000000000000450       0x48 ./Drivers/STM32F1xx_HAL_Driver/Src/stm32f1xx_hal_gpio.o
 .debug_ranges  0x0000000000000498       0x18 ./Drivers/STM32F1xx_HAL_Driver/Src/stm32f1xx_hal_iwdg.o
 .debug_ranges  0x00000000000004b0       0x98 ./Drivers/STM32F1xx_HAL_Driver/Src/stm32f1xx_hal_pwr.o
 .debug_ranges  0x0000000000000548       0x80 ./Drivers/STM32F1xx_HAL_Driver/Src/stm32f1xx_hal_rcc.o
 .debug_ranges  0x00000000000005c8      0x3c0 ./Drivers/STM32F1xx_HAL_Driver/Src/stm32f1xx_hal_tim.o
 .debug_ranges  0x0000000000000988      0x158 ./Drivers/STM32F1xx_HAL_Driver/Src/stm32f1xx_hal_tim_ex.o
 .debug_ranges  0x0000000000000ae0      0x220 ./Drivers/STM32F1xx_HAL_Driver/Src/stm32f1xx_hal_uart.o

.debug_frame    0x0000000000000000     0x4048
 .debug_frame   0x0000000000000000      0x174 ./Core/Src/main.o
 .debug_frame   0x0000000000000174      0x158 ./Core/Src/scheduler.o
 .debug_frame   0x00000000000002cc       0xc8 ./Core/Src/stm32f1xx_hal_msp.o
 .debug_frame   0x0000000000000394      0x158 ./Core/Src/stm32f1xx_it.o
 .debug_frame   0x00000000000004ec      0x2ac ./Core/Src/syscalls.o
 .debug_frame   0x0000000000000798       0x34 ./Core/Src/sysmem.o
 .debug_frame   0x00000000000007cc       0x58 ./Core/Src/system_stm32f1xx.o
 .debug_frame   0x0000000000000824       0x9c ./Core/Src/task.o
 .debug_frame   0x00000000000008c0       0x34 ./Core/Src/uart_msg.o
 .debug_frame   0x00000000000008f4       0x8c ./Core/Src/watchdog.o
 .debug_frame   0x0000000000000980      0x334 ./Drivers/STM32F1xx_HAL_Driver/Src/stm32f1xx_hal.o
 .debug_frame   0x0000000000000cb4      0x428 ./Drivers/STM32F1xx_HAL_Driver/Src/stm32f1xx_hal_cortex.o
 .debug_frame   0x00000000000010dc      0x14c ./Drivers/STM32F1xx_HAL_Driver/Src/stm32f1xx_hal_gpio.o
 .debug_frame   0x0000000000001228       0x5c ./Drivers/STM32F1xx_HAL_Driver/Src/stm32f1xx_hal_iwdg.o
 .debug_frame   0x0000000000001284      0x270 ./Drivers/STM32F1xx_HAL_Driver/Src/stm32f1xx_hal_pwr.o
 .debug_frame   0x00000000000014f4      0x21c ./Drivers/STM32F1xx_HAL_Driver/Src/stm32f1xx_hal_rcc.o
 .debug_frame   0x0000000000001710     0x11b8 ./Drivers/STM32F1xx_HAL_Driver/Src/stm32f1xx_hal_tim.o
 .debug_frame   0x00000000000028c8      0x638 ./Drivers/STM32F1xx_HAL_Driver/Src/stm32f1xx_hal_tim_ex.o
 .debug_frame   0x0000000000002f00      0x914 ./Drivers/STM32F1xx_HAL_Driver/Src/stm32f1xx_hal_uart.o
 .debug_frame   0x0000000000003814       0x20 c:/st/stm32cubeide_1.7.0/stm32cubeide/plugins/com.st.stm32cube.ide.mcu.externaltools.gnu-tools-for-stm32.9-2020-q2-update.win32_2.0.0.202105311346/tools/bin/../lib/gcc/arm-none-eabi/9.3.1/../../../../arm-none-eabi/lib/thumb/v7-m/nofp\libc_nano.a(lib_a-errno.o)
 .debug_frame   0x0000000000003834       0x2c c:/st/stm32cubeide_1.7.0/stm32cubeide/plugins/com.st.stm32cube.ide.mcu.externaltools.gnu-tools-for-stm32.9-2020-q2-update.win32_2.0.0.202105311346/tools/bin/../lib/gcc/arm-none-eabi/9.3.1/../../../../arm-none-eabi/lib/thumb/v7-m/nofp\libc_nano.a(lib_a-init.o)
 .debug_frame   0x0000000000003860       0x20 c:/st/stm32cubeide_1.7.0/stm32cubeide/plugins/com.st.stm32cube.ide.mcu.externaltools.gnu-tools-for-stm32.9-2020-q2-update.win32_2.0.0.202105311346/tools/bin/../lib/gcc/arm-none-eabi/9.3.1/../../../../arm-none-eabi/lib/thumb/v7-m/nofp\libc_nano.a(lib_a-memset.o)
 .debug_frame   0x0000000000003880       0x74 c:/st/stm32cubeide_1.7.0/stm32cubeide/plugins/com.st.stm32cube.ide.mcu.externaltools.gnu-tools-for-stm32.9-2020-q2-update.win32_2.0.0.202105311346/tools/bin/../lib/gcc/arm-none-eabi/9.3.1/../../../../arm-none-eabi/lib/thumb/v7-m/nofp\libc_nano.a(lib_a-printf.o)
 .debug_frame   0x00000000000038f4      0x14c c:/st/stm32cubeide_1.7.0/stm32cubeide/plugins/com.st.stm32cube.ide.mcu.externaltools.gnu-tools-for-stm32.9-2020-q2-update.win32_2.0.0.202105311346/tools/bin/../lib/gcc/arm-none-eabi/9.3.1/../../../../arm-none-eabi/lib/thumb/v7-m/nofp\libc_nano.a(lib_a-findfp.o)